../drivers/fsl_clock.h:558:20:CLOCK_EnableClock	16	static
../drivers/fsl_clock.h:569:20:CLOCK_DisableClock	16	static
../drivers/fsl_sctimer.h:503:20:SCTIMER_StartTimer	16	static
../drivers/fsl_sctimer.h:545:20:SCTIMER_StopTimer	16	static
../drivers/fsl_sctimer.h:893:20:SCTIMER_SetupOutputSetAction	24	static
../drivers/fsl_sctimer.h:909:20:SCTIMER_SetupOutputClearAction	24	static
../drivers/fsl_sctimer.h:937:20:SCTIMER_SetupCounterLimitAction	24	static
../drivers/fsl_sctimer.c:82:17:SCTIMER_GetInstance	24	static
../drivers/fsl_sctimer.c:111:10:SCTIMER_Init	24	static
../drivers/fsl_sctimer.c:173:6:SCTIMER_Deinit	16	static
../drivers/fsl_sctimer.c:201:6:SCTIMER_GetDefaultConfig	16	static
../drivers/fsl_sctimer.c:266:10:SCTIMER_SetupPwm	80	static
../drivers/fsl_sctimer.c:404:6:SCTIMER_UpdatePwmDutycycle	72	static
../drivers/fsl_sctimer.c:477:10:SCTIMER_CreateAndScheduleEvent	40	static
../drivers/fsl_sctimer.c:604:6:SCTIMER_ScheduleEvent	16	static
../drivers/fsl_sctimer.c:622:10:SCTIMER_IncreaseState	24	static
../drivers/fsl_sctimer.c:648:10:SCTIMER_GetCurrentState	16	static
../drivers/fsl_sctimer.c:662:6:SCTIMER_SetupOutputToggleAction	32	static
../drivers/fsl_sctimer.c:692:10:SCTIMER_SetupCaptureAction	32	static
../drivers/fsl_sctimer.c:764:6:SCTIMER_SetCallback	24	static
../drivers/fsl_sctimer.c:774:6:SCTIMER_EventHandleIRQ	32	static
../drivers/fsl_sctimer.c:807:6:SCT0_DriverIRQHandler	8	static
