/Users/vicenteseta/Documents/UTN-curso-lse/workspace_lpc845/INTEGRADOR_FINAL/CMSIS/core_cm0plus.h:757:22:__NVIC_EnableIRQ	16	static
../drivers/fsl_clock.h:558:20:CLOCK_EnableClock	16	static
../drivers/fsl_clock.h:569:20:CLOCK_DisableClock	16	static
../drivers/fsl_common_arm.h:667:24:EnableIRQ	24	static
../drivers/fsl_i2c.h:461:20:I2C_MasterEnable	16	static
../drivers/fsl_i2c.h:490:24:I2C_GetStatusFlags	16	static
../drivers/fsl_i2c.h:510:20:I2C_MasterClearStatusFlags	16	static
../drivers/fsl_i2c.h:528:20:I2C_EnableInterrupts	16	static
../drivers/fsl_i2c.h:540:20:I2C_DisableInterrupts	16	static
../drivers/fsl_i2c.h:620:24:I2C_MasterRepeatedStart	16	static
../drivers/fsl_i2c.h:830:20:I2C_SlaveEnable	16	static
../drivers/fsl_i2c.h:855:20:I2C_SlaveClearStatusFlags	16	static
../drivers/fsl_i2c.c:101:10:I2C_GetInstance	24	static
../drivers/fsl_i2c.c:134:6:I2C_MasterGetDefaultConfig	16	static
../drivers/fsl_i2c.c:157:6:I2C_MasterInit	24	static
../drivers/fsl_i2c.c:180:6:I2C_MasterDeinit	16	static
../drivers/fsl_i2c.c:200:6:I2C_MasterSetBaudRate	48	static
../drivers/fsl_i2c.c:238:17:I2C_PendingStatusWait	24	static
../drivers/fsl_i2c.c:278:10:I2C_MasterStart	16	static
../drivers/fsl_i2c.c:299:10:I2C_MasterStop	16	static
../drivers/fsl_i2c.c:327:10:I2C_MasterWriteBlocking	40	static
../drivers/fsl_i2c.c:443:10:I2C_MasterReadBlocking	40	static
../drivers/fsl_i2c.c:542:10:I2C_MasterTransferBlocking	32	static
../drivers/fsl_i2c.c:623:6:I2C_MasterTransferCreateHandle	32	static
../drivers/fsl_i2c.c:663:10:I2C_MasterTransferNonBlocking	32	static
../drivers/fsl_i2c.c:700:10:I2C_MasterTransferGetCount	24	static
../drivers/fsl_i2c.c:732:10:I2C_MasterTransferAbort	24	static
../drivers/fsl_i2c.c:783:17:I2C_InitTransferStateMachine	48	static
../drivers/fsl_i2c.c:850:17:I2C_RunTransferStateMachine	48	static
../drivers/fsl_i2c.c:1028:6:I2C_MasterTransferHandleIRQ	40	static
../drivers/fsl_i2c.c:1062:13:I2C_SlaveInternalStateMachineReset	16	static
../drivers/fsl_i2c.c:1076:17:I2C_SlaveDivVal	32	static
../drivers/fsl_i2c.c:1129:17:I2C_SlavePollPending	24	static
../drivers/fsl_i2c.c:1164:13:I2C_SlaveInvokeEvent	48	static
../drivers/fsl_i2c.c:1202:13:I2C_SlaveAddressIRQ	32	static
../drivers/fsl_i2c.c:1279:17:I2C_SlaveTransferNonBlockingInternal	32	static
../drivers/fsl_i2c.c:1347:10:I2C_SlaveSetSendBuffer	48	static
../drivers/fsl_i2c.c:1377:10:I2C_SlaveSetReceiveBuffer	40	static
../drivers/fsl_i2c.c:1395:6:I2C_SlaveSetAddress	24	static
../drivers/fsl_i2c.c:1424:6:I2C_SlaveGetDefaultConfig	40	static
../drivers/fsl_i2c.c:1455:10:I2C_SlaveInit	32	static
../drivers/fsl_i2c.c:1506:6:I2C_SlaveDeinit	16	static
../drivers/fsl_i2c.c:1527:10:I2C_SlaveWriteBlocking	48	static
../drivers/fsl_i2c.c:1614:10:I2C_SlaveReadBlocking	48	static
../drivers/fsl_i2c.c:1703:6:I2C_SlaveTransferCreateHandle	32	static
../drivers/fsl_i2c.c:1766:10:I2C_SlaveTransferNonBlocking	40	static
../drivers/fsl_i2c.c:1780:10:I2C_SlaveTransferGetCount	24	static
../drivers/fsl_i2c.c:1810:6:I2C_SlaveTransferAbort	16	static
../drivers/fsl_i2c.c:1830:6:I2C_SlaveTransferHandleIRQ	40	static
../drivers/fsl_i2c.c:1957:13:I2C_TransferCommonIRQHandler	16	static
../drivers/fsl_i2c.c:1973:6:I2C0_DriverIRQHandler	8	static
../drivers/fsl_i2c.c:1981:6:I2C1_DriverIRQHandler	8	static
../drivers/fsl_i2c.c:1989:6:I2C2_DriverIRQHandler	8	static
