/Users/vicenteseta/Documents/UTN-curso-lse/workspace_lpc845/INTEGRADOR_FINAL/CMSIS/core_cm0plus.h:757:22:__NVIC_EnableIRQ	16	static
../drivers/fsl_clock.h:558:20:CLOCK_EnableClock	16	static
../drivers/fsl_clock.h:569:20:CLOCK_DisableClock	16	static
../drivers/fsl_common_arm.h:667:24:EnableIRQ	24	static
../drivers/fsl_dma.h:350:20:DMA_ChannelIsActive	16	static
../drivers/fsl_dma.h:379:20:DMA_EnableChannelInterrupts	16	static
../drivers/fsl_dma.h:405:20:DMA_EnableChannel	16	static
../drivers/fsl_dma.h:418:20:DMA_DisableChannel	16	static
../drivers/fsl_dma.h:431:20:DMA_EnableChannelPeriphRq	16	static
../drivers/fsl_dma.h:445:20:DMA_DisableChannelPeriphRq	16	static
../drivers/fsl_dma.c:88:17:DMA_GetInstance	24	static
../drivers/fsl_dma.c:104:17:DMA_GetVirtualStartChannel	32	static
../drivers/fsl_dma.c:128:6:DMA_Init	24	static
../drivers/fsl_dma.c:157:6:DMA_Deinit	16	static
../drivers/fsl_dma.c:174:6:DMA_ConfigureChannelTrigger	32	static
../drivers/fsl_dma.c:194:10:DMA_GetRemainingBytes	16	static
../drivers/fsl_dma.c:220:13:DMA_SetupXferCFG	24	static
../drivers/fsl_dma.c:269:6:DMA_SetupDescriptor	40	static
../drivers/fsl_dma.c:340:6:DMA_SetupChannelDescriptor	40	static
../drivers/fsl_dma.c:444:6:DMA_CreateDescriptor	48	static
../drivers/fsl_dma.c:465:6:DMA_AbortTransfer	16	static
../drivers/fsl_dma.c:489:6:DMA_CreateHandle	32	static
../drivers/fsl_dma.c:520:6:DMA_SetCallback	24	static
../drivers/fsl_dma.c:545:6:DMA_PrepareTransfer	32	static
../drivers/fsl_dma.c:612:6:DMA_SetChannelConfig	32	static
../drivers/fsl_dma.c:650:6:DMA_PrepareChannelTransfer	24	static
../drivers/fsl_dma.c:708:6:DMA_LoadChannelDescriptor	32	static
../drivers/fsl_dma.c:738:6:DMA_InstallDescriptorMemory	16	static
../drivers/fsl_dma.c:792:6:DMA_SubmitChannelTransferParameter	48	static
../drivers/fsl_dma.c:834:6:DMA_SubmitChannelDescriptor	16	static
../drivers/fsl_dma.c:898:10:DMA_SubmitChannelTransfer	56	static
../drivers/fsl_dma.c:942:10:DMA_SubmitTransfer	40	static
../drivers/fsl_dma.c:982:6:DMA_StartTransfer	24	static
../drivers/fsl_dma.c:1000:6:DMA_IRQHandle	48	static
../drivers/fsl_dma.c:1056:6:DMA0_DriverIRQHandler	8	static
