/Users/vicenteseta/Documents/UTN-curso-lse/workspace_lpc845/INTEGRADOR_FINAL/drivers/fsl_clock.h:558:20:CLOCK_EnableClock	16	static
/Users/vicenteseta/Documents/UTN-curso-lse/workspace_lpc845/INTEGRADOR_FINAL/drivers/fsl_clock.h:569:20:CLOCK_DisableClock	16	static
/Users/vicenteseta/Documents/UTN-curso-lse/workspace_lpc845/INTEGRADOR_FINAL/drivers/fsl_clock.h:580:20:CLOCK_Select	16	static
/Users/vicenteseta/Documents/UTN-curso-lse/workspace_lpc845/INTEGRADOR_FINAL/drivers/fsl_clock.h:591:20:CLOCK_SetClkDivider	16	static
/Users/vicenteseta/Documents/UTN-curso-lse/workspace_lpc845/INTEGRADOR_FINAL/drivers/fsl_clock.h:601:24:CLOCK_GetClkDivider	16	static
/Users/vicenteseta/Documents/UTN-curso-lse/workspace_lpc845/INTEGRADOR_FINAL/drivers/fsl_gpio.h:153:20:GPIO_PinWrite	24	static
/Users/vicenteseta/Documents/UTN-curso-lse/workspace_lpc845/INTEGRADOR_FINAL/drivers/fsl_gpio.h:172:24:GPIO_PinRead	24	static
/Users/vicenteseta/Documents/UTN-curso-lse/workspace_lpc845/INTEGRADOR_FINAL/drivers/fsl_sctimer.h:503:20:SCTIMER_StartTimer	16	static
/Users/vicenteseta/Documents/UTN-curso-lse/workspace_lpc845/INTEGRADOR_FINAL/drivers/fsl_adc.h:456:20:ADC_EnableConvSeqA	16	static
/Users/vicenteseta/Documents/UTN-curso-lse/workspace_lpc845/INTEGRADOR_FINAL/drivers/fsl_adc.h:481:20:ADC_DoSoftwareTriggerConvSeqA	16	static
/Users/vicenteseta/Documents/UTN-curso-lse/workspace_lpc845/INTEGRADOR_FINAL/drivers/fsl_power.h:153:20:POWER_DisablePD	16	static
../source/INTEGRADOR_FINAL.c:71:6:mostrarNumero	16	static
../source/INTEGRADOR_FINAL.c:82:6:Task_InitPerifericos	104	static
../source/INTEGRADOR_FINAL.c:174:6:Task_ADC	48	static
../source/INTEGRADOR_FINAL.c:188:6:Task_Botones	16	static
../source/INTEGRADOR_FINAL.c:197:6:Task_Display	32	static
../source/INTEGRADOR_FINAL.c:224:6:Task_Lux	56	static
../source/INTEGRADOR_FINAL.c:269:6:Task_ControlLED_Blue	32	static
../source/INTEGRADOR_FINAL.c:299:6:Task_ControlLED_Red	32	static
../source/INTEGRADOR_FINAL.c:330:6:Task_IR	24	static
../source/INTEGRADOR_FINAL.c:350:5:main	16	static
