Archive member included to satisfy reference by file (symbol)

/Users/vicenteseta/Documents/UTN-curso-lse/workspace_lpc845/freertos/Debug/libfreertos.a(queue.o)
                              ./source/INTEGRADOR_FINAL.o (xQueueGenericCreate)
/Users/vicenteseta/Documents/UTN-curso-lse/workspace_lpc845/freertos/Debug/libfreertos.a(tasks.o)
                              ./source/INTEGRADOR_FINAL.o (xTaskCreate)
/Users/vicenteseta/Documents/UTN-curso-lse/workspace_lpc845/freertos/Debug/libfreertos.a(heap_2.o)
                              /Users/vicenteseta/Documents/UTN-curso-lse/workspace_lpc845/freertos/Debug/libfreertos.a(queue.o) (pvPortMalloc)
/Users/vicenteseta/Documents/UTN-curso-lse/workspace_lpc845/freertos/Debug/libfreertos.a(list.o)
                              /Users/vicenteseta/Documents/UTN-curso-lse/workspace_lpc845/freertos/Debug/libfreertos.a(queue.o) (vListInitialise)
/Users/vicenteseta/Documents/UTN-curso-lse/workspace_lpc845/freertos/Debug/libfreertos.a(port.o)
                              /Users/vicenteseta/Documents/UTN-curso-lse/workspace_lpc845/freertos/Debug/libfreertos.a(tasks.o) (pxPortInitialiseStack)
/Applications/MCUXpressoIDE_24.12.148/ide/plugins/com.nxp.mcuxpresso.tools.macosx_24.12.0.202407110909/tools/bin/../lib/gcc/arm-none-eabi/13.2.1/../../../../arm-none-eabi/lib/thumb/v6-m/nofp/libcr_semihost_nf.a(_cr__main.o)
                              ./startup/startup_lpc845.o (__main)
/Applications/MCUXpressoIDE_24.12.148/ide/plugins/com.nxp.mcuxpresso.tools.macosx_24.12.0.202407110909/tools/bin/../lib/gcc/arm-none-eabi/13.2.1/../../../../arm-none-eabi/lib/thumb/v6-m/nofp/libcr_c.a(memcpy.o)
                              ./utilities/str/fsl_str.o (memcpy)
/Applications/MCUXpressoIDE_24.12.148/ide/plugins/com.nxp.mcuxpresso.tools.macosx_24.12.0.202407110909/tools/bin/../lib/gcc/arm-none-eabi/13.2.1/../../../../arm-none-eabi/lib/thumb/v6-m/nofp/libcr_c.a(memset.o)
                              ./source/INTEGRADOR_FINAL.o (memset)
/Applications/MCUXpressoIDE_24.12.148/ide/plugins/com.nxp.mcuxpresso.tools.macosx_24.12.0.202407110909/tools/bin/../lib/gcc/arm-none-eabi/13.2.1/../../../../arm-none-eabi/lib/thumb/v6-m/nofp/libcr_c.a(alloc.o)
                              ./drivers/fsl_common.o (malloc)
/Applications/MCUXpressoIDE_24.12.148/ide/plugins/com.nxp.mcuxpresso.tools.macosx_24.12.0.202407110909/tools/bin/../lib/gcc/arm-none-eabi/13.2.1/../../../../arm-none-eabi/lib/thumb/v6-m/nofp/libcr_c.a(errno.o)
                              ./utilities/str/fsl_str.o (errno)
/Applications/MCUXpressoIDE_24.12.148/ide/plugins/com.nxp.mcuxpresso.tools.macosx_24.12.0.202407110909/tools/bin/../lib/gcc/arm-none-eabi/13.2.1/../../../../arm-none-eabi/lib/thumb/v6-m/nofp/libcr_c.a(initio.o)
                              /Applications/MCUXpressoIDE_24.12.148/ide/plugins/com.nxp.mcuxpresso.tools.macosx_24.12.0.202407110909/tools/bin/../lib/gcc/arm-none-eabi/13.2.1/../../../../arm-none-eabi/lib/thumb/v6-m/nofp/libcr_semihost_nf.a(_cr__main.o) (_initio)
/Applications/MCUXpressoIDE_24.12.148/ide/plugins/com.nxp.mcuxpresso.tools.macosx_24.12.0.202407110909/tools/bin/../lib/gcc/arm-none-eabi/13.2.1/../../../../arm-none-eabi/lib/thumb/v6-m/nofp/libcr_c.a(printf.o)
                              ./utilities/fsl_assert.o (_printf)
/Applications/MCUXpressoIDE_24.12.148/ide/plugins/com.nxp.mcuxpresso.tools.macosx_24.12.0.202407110909/tools/bin/../lib/gcc/arm-none-eabi/13.2.1/../../../../arm-none-eabi/lib/thumb/v6-m/nofp/libcr_c.a(scanf.o)
                              ./utilities/str/fsl_str.o (strtoul)
/Applications/MCUXpressoIDE_24.12.148/ide/plugins/com.nxp.mcuxpresso.tools.macosx_24.12.0.202407110909/tools/bin/../lib/gcc/arm-none-eabi/13.2.1/../../../../arm-none-eabi/lib/thumb/v6-m/nofp/libcr_c.a(setvbuf.o)
                              /Applications/MCUXpressoIDE_24.12.148/ide/plugins/com.nxp.mcuxpresso.tools.macosx_24.12.0.202407110909/tools/bin/../lib/gcc/arm-none-eabi/13.2.1/../../../../arm-none-eabi/lib/thumb/v6-m/nofp/libcr_c.a(initio.o) (setvbuf)
/Applications/MCUXpressoIDE_24.12.148/ide/plugins/com.nxp.mcuxpresso.tools.macosx_24.12.0.202407110909/tools/bin/../lib/gcc/arm-none-eabi/13.2.1/../../../../arm-none-eabi/lib/thumb/v6-m/nofp/libcr_c.a(strlen.o)
                              ./utilities/str/fsl_str.o (strlen)
/Applications/MCUXpressoIDE_24.12.148/ide/plugins/com.nxp.mcuxpresso.tools.macosx_24.12.0.202407110909/tools/bin/../lib/gcc/arm-none-eabi/13.2.1/../../../../arm-none-eabi/lib/thumb/v6-m/nofp/libcr_c.a(ungetc.o)
                              /Applications/MCUXpressoIDE_24.12.148/ide/plugins/com.nxp.mcuxpresso.tools.macosx_24.12.0.202407110909/tools/bin/../lib/gcc/arm-none-eabi/13.2.1/../../../../arm-none-eabi/lib/thumb/v6-m/nofp/libcr_c.a(scanf.o) (ungetc)
/Applications/MCUXpressoIDE_24.12.148/ide/plugins/com.nxp.mcuxpresso.tools.macosx_24.12.0.202407110909/tools/bin/../lib/gcc/arm-none-eabi/13.2.1/../../../../arm-none-eabi/lib/thumb/v6-m/nofp/libcr_c.a(__fillbuf.o)
[...]
Memory Configuration

Name             Origin             Length             Attributes
PROGRAM_FLASH    0x00000000         0x00010000         xr
SRAM             0x10000000         0x00003fe0         xrw
IAP_SRAM         0x10003fe0         0x00000020         xrw
*default*        0x00000000         0xffffffff

Linker script and memory map

LOAD ./utilities/str/fsl_str.o
LOAD ./utilities/debug_console_lite/fsl_debug_console.o
LOAD ./utilities/fsl_assert.o
LOAD ./startup/startup_lpc845.o
LOAD ./source/INTEGRADOR_FINAL.o
LOAD ./source/mtb.o
LOAD ./source/semihost_hardfault.o
LOAD ./drivers/fsl_adc.o
LOAD ./drivers/fsl_clock.o
LOAD ./drivers/fsl_common.o
LOAD ./drivers/fsl_common_arm.o
LOAD ./drivers/fsl_ctimer.o
LOAD ./drivers/fsl_dma.o
LOAD ./drivers/fsl_gpio.o
LOAD ./drivers/fsl_i2c.o
LOAD ./drivers/fsl_i2c_dma.o
LOAD ./drivers/fsl_inputmux.o
LOAD ./drivers/fsl_power.o
LOAD ./drivers/fsl_reset.o
LOAD ./drivers/fsl_sctimer.o
LOAD ./drivers/fsl_swm.o
LOAD ./drivers/fsl_usart.o
LOAD ./device/system_LPC845.o
LOAD ./component/uart/fsl_adapter_miniusart.o
LOAD ./board/board.o
LOAD ./board/clock_config.o
LOAD ./board/peripherals.o
LOAD ./board/pin_mux.o
LOAD /Users/vicenteseta/Documents/UTN-curso-lse/workspace_lpc845/freertos/Debug/libfreertos.a
START GROUP
LOAD /Applications/MCUXpressoIDE_24.12.148/ide/plugins/com.nxp.mcuxpresso.tools.macosx_24.12.0.202407110909/tools/bin/../lib/gcc/arm-none-eabi/13.2.1/../../../../arm-none-eabi/lib/thumb/v6-m/nofp/libcr_semihost_nf.a
LOAD /Applications/MCUXpressoIDE_24.12.148/ide/plugins/com.nxp.mcuxpresso.tools.macosx_24.12.0.202407110909/tools/bin/../lib/gcc/arm-none-eabi/13.2.1/../../../../arm-none-eabi/lib/thumb/v6-m/nofp/libcr_c.a
LOAD /Applications/MCUXpressoIDE_24.12.148/ide/plugins/com.nxp.mcuxpresso.tools.macosx_24.12.0.202407110909/tools/bin/../lib/gcc/arm-none-eabi/13.2.1/thumb/v6-m/nofp/libcr_eabihelpers.a
LOAD /Applications/MCUXpressoIDE_24.12.148/ide/plugins/com.nxp.mcuxpresso.tools.macosx_24.12.0.202407110909/tools/bin/../lib/gcc/arm-none-eabi/13.2.1/thumb/v6-m/nofp/libgcc.a
END GROUP
                0x00000000                        __base_PROGRAM_FLASH = 0x0
                0x00000000                        __base_Flash = 0x0
                0x00010000                        __top_PROGRAM_FLASH = 0x10000
                0x00010000                        __top_Flash = 0x10000
                0x10000000                        __base_SRAM = 0x10000000
                0x10000000                        __base_RAM = 0x10000000
                0x10003fe0                        __top_SRAM = 0x10003fe0
                0x10003fe0                        __top_RAM = 0x10003fe0
                0x10003fe0                        __base_IAP_SRAM = 0x10003fe0
                0x10003fe0                        __base_RAM2 = 0x10003fe0
                0x10004000                        __top_IAP_SRAM = 0x10004000
                0x10004000                        __top_RAM2 = 0x10004000

.text           0x00000000     0x79fc
 FILL mask 0xff
                0x00000000                        __vectors_start__ = ABSOLUTE (.)
 *(SORT_BY_ALIGNMENT(.isr_vector))
 .isr_vector    0x00000000       0xc0 ./startup/startup_lpc845.o
                0x00000000                __Vectors
                0x00000000                g_pfnVectors
                0x000000c0                        . = ALIGN (0x4)
                0x000000c0                        __section_table_start = .
                0x000000c0                        __data_section_table = .
                0x000000c0        0x4 LONG 0x79fc LOADADDR (.data)
                0x000000c4        0x4 LONG 0x10000080 ADDR (.data)
                0x000000c8        0x4 LONG 0x10 SIZEOF (.data)
                0x000000cc        0x4 LONG 0x79fc LOADADDR (.data_RAM2)
                0x000000d0        0x4 LONG 0x10003fe0 ADDR (.data_RAM2)
                0x000000d4        0x4 LONG 0x0 SIZEOF (.data_RAM2)
                0x000000d8                        __data_section_table_end = .
                0x000000d8                        __bss_section_table = .
                0x000000d8        0x4 LONG 0x10000090 ADDR (.bss)
                0x000000dc        0x4 LONG 0x1314 SIZEOF (.bss)
                0x000000e0        0x4 LONG 0x10003fe0 ADDR (.bss_RAM2)
                0x000000e4        0x4 LONG 0x0 SIZEOF (.bss_RAM2)
                0x000000e8                        __bss_section_table_end = .
                0x000000e8                        __section_table_end = .
 *(SORT_BY_ALIGNMENT(.after_vectors*))
 .after_vectors.reset
                0x000000e8       0x54 ./startup/startup_lpc845.o
                0x000000e8                ResetISR
 .after_vectors.init_data
                0x0000013c       0x12 ./startup/startup_lpc845.o
                0x0000013c                data_init
 .after_vectors.init_bss
                0x0000014e       0x10 ./startup/startup_lpc845.o
                0x0000014e                bss_init
 .after_vectors
                0x0000015e      0x10c ./startup/startup_lpc845.o
                0x0000015e                NMI_Handler
                0x00000168                ADC0_OVR_DriverIRQHandler
                0x00000168                PIN_INT2_DriverIRQHandler
                0x00000168                SPI1_DriverIRQHandler
                0x00000168                I2C3_DriverIRQHandler
                0x00000168                PIN_INT3_DriverIRQHandler
                0x00000168                PIN_INT5_DAC1_DriverIRQHandler
                0x00000168                PIN_INT0_DriverIRQHandler
                0x00000168                IntDefaultHandler
                0x00000168                WKT_DriverIRQHandler
                0x00000168                DAC0_DriverIRQHandler
                0x00000168                MRT0_DriverIRQHandler
                0x00000168                PIN_INT4_DriverIRQHandler
                0x00000168                CMP_CAPT_DriverIRQHandler
                0x00000168                ADC0_THCMP_DriverIRQHandler
                0x00000168                Reserved22_DriverIRQHandler
                0x00000168                FLASH_DriverIRQHandler
                0x00000168                ADC0_SEQB_DriverIRQHandler
                0x00000168                WDT_DriverIRQHandler
                0x00000168                PIN_INT1_DriverIRQHandler
                0x00000168                BOD_DriverIRQHandler
                0x00000168                ADC0_SEQA_DriverIRQHandler
                0x00000168                SPI0_DriverIRQHandler
                0x0000016a                SPI0_IRQHandler
                0x00000172                SPI1_IRQHandler
                0x0000017a                DAC0_IRQHandler
                0x00000182                USART0_IRQHandler
                0x0000018a                USART1_IRQHandler
                0x00000192                USART2_IRQHandler
                0x0000019a                Reserved22_IRQHandler
                0x000001a2                I2C1_IRQHandler
                0x000001aa                I2C0_IRQHandler
                0x000001b2                SCT0_IRQHandler
                0x000001ba                MRT0_IRQHandler
                0x000001c2                CMP_CAPT_IRQHandler
                0x000001ca                WDT_IRQHandler
                0x000001d2                BOD_IRQHandler
                0x000001da                FLASH_IRQHandler
                0x000001e2                WKT_IRQHandler
                0x000001ea                ADC0_SEQA_IRQHandler
                0x000001f2                ADC0_SEQB_IRQHandler
                0x000001fa                ADC0_THCMP_IRQHandler
                0x00000202                ADC0_OVR_IRQHandler
                0x0000020a                DMA0_IRQHandler
                0x00000212                I2C2_IRQHandler
                0x0000021a                I2C3_IRQHandler
                0x00000222                CTIMER0_IRQHandler
                0x0000022a                PIN_INT0_IRQHandler
                0x00000232                PIN_INT1_IRQHandler
                0x0000023a                PIN_INT2_IRQHandler
                0x00000242                PIN_INT3_IRQHandler
                0x0000024a                PIN_INT4_IRQHandler
                0x00000252                PIN_INT5_DAC1_IRQHandler
                0x0000025a                PIN_INT6_USART3_IRQHandler
                0x00000262                PIN_INT7_USART4_IRQHandler
                0x000002fc                        . = 0x2fc
 *fill*         0x0000026a       0x92 ff
                0x000002fc                        PROVIDE (__CRP_WORD_START__ = .)
 *(SORT_BY_ALIGNMENT(.crp))
 .crp           0x000002fc        0x4 ./startup/startup_lpc845.o
                0x000002fc                CRP_WORD
                0x00000300                        PROVIDE (__CRP_WORD_END__ = .)
                0x00000001                        ASSERT (! ((__CRP_WORD_START__ == __CRP_WORD_END__)), Linker CRP Enabled, but no CRP_WORD provided within application)
 *(SORT_BY_ALIGNMENT(.text*))
 .text.vPortStartFirstTask
                0x00000300       0x38 /Users/vicenteseta/Documents/UTN-curso-lse/workspace_lpc845/freertos/Debug/libfreertos.a(port.o)
 *fill*         0x00000338        0x8 ff
 .text.PendSV_Handler
                0x00000340       0x48 /Users/vicenteseta/Documents/UTN-curso-lse/workspace_lpc845/freertos/Debug/libfreertos.a(port.o)
                0x00000340                PendSV_Handler
 .text.__assertion_failed
                0x00000388       0x34 ./utilities/fsl_assert.o
                0x00000388                __assertion_failed
 .text.CLOCK_EnableClock
                0x000003bc       0x54 ./source/INTEGRADOR_FINAL.o
 .text.CLOCK_DisableClock
                0x00000410       0x58 ./source/INTEGRADOR_FINAL.o
 .text.CLOCK_Select
                0x00000468       0x38 ./source/INTEGRADOR_FINAL.o
 .text.CLOCK_SetClkDivider
                0x000004a0       0x30 ./source/INTEGRADOR_FINAL.o
 .text.CLOCK_GetClkDivider
                0x000004d0       0x2c ./source/INTEGRADOR_FINAL.o
 .text.SCTIMER_StartTimer
                0x000004fc       0xe4 ./source/INTEGRADOR_FINAL.o
 .text.POWER_DisablePD
                0x000005e0       0x2c ./source/INTEGRADOR_FINAL.o
 .text.mostrarNumero
                0x0000060c       0xe8 ./source/INTEGRADOR_FINAL.o
                0x0000060c                mostrarNumero
 .text.Task_InitPerifericos
                0x000006f4      0x314 ./source/INTEGRADOR_FINAL.o
                0x000006f4                Task_InitPerifericos
 .text.Task_ADC
                0x00000a08       0x88 ./source/INTEGRADOR_FINAL.o
                0x00000a08                Task_ADC
 .text.Task_Botones
                0x00000a90       0xe0 ./source/INTEGRADOR_FINAL.o
                0x00000a90                Task_Botones
 .text.Task_Display
                0x00000b70      0x100 ./source/INTEGRADOR_FINAL.o
                0x00000b70                Task_Display
 .text.Task_ControlLED_Blue
                0x00000c70       0xd0 ./source/INTEGRADOR_FINAL.o
                0x00000c70                Task_ControlLED_Blue
 .text.Task_ControlLED_Red
                0x00000d40       0xd0 ./source/INTEGRADOR_FINAL.o
                0x00000d40                Task_ControlLED_Red
 .text.main     0x00000e10      0x108 ./source/INTEGRADOR_FINAL.o
                0x00000e10                main
 .text.HardFault_Handler
                0x00000f18       0x38 ./source/semihost_hardfault.o
                0x00000f18                HardFault_Handler
 .text.CLOCK_EnableClock
                0x00000f50       0x54 ./drivers/fsl_adc.o
 .text.ADC_GetInstance
                0x00000fa4       0x48 ./drivers/fsl_adc.o
 .text.ADC_Init
                0x00000fec       0xa8 ./drivers/fsl_adc.o
                0x00000fec                ADC_Init
 .text.ADC_DoSelfCalibration
                0x00001094       0xb4 ./drivers/fsl_adc.o
                0x00001094                ADC_DoSelfCalibration
 .text.ADC_SetConvSeqAConfig
                0x00001148       0x94 ./drivers/fsl_adc.o
                0x00001148                ADC_SetConvSeqAConfig
 .text.ADC_GetChannelConversionResult
                0x000011dc       0xa4 ./drivers/fsl_adc.o
                0x000011dc                ADC_GetChannelConversionResult
 .text.CLOCK_GetCoreSysClkFreq
                0x00001280       0x24 ./drivers/fsl_clock.o
 .text.CLOCK_GetSystemPLLFreq
                0x000012a4       0x20 ./drivers/fsl_clock.o
 .text.CLOCK_GetWdtOscFreq
                0x000012c4       0x14 ./drivers/fsl_clock.o
 .text.CLOCK_GetExtClkFreq
                0x000012d8       0x14 ./drivers/fsl_clock.o
 .text.CLOCK_UpdateClkSrc
                0x000012ec       0x4c ./drivers/fsl_clock.o
 .text.CLOCK_GetFRG0ClkFreq
                0x00001338       0x64 ./drivers/fsl_clock.o
                0x00001338                CLOCK_GetFRG0ClkFreq
 .text.CLOCK_GetFRG1ClkFreq
                0x0000139c       0x64 ./drivers/fsl_clock.o
                0x0000139c                CLOCK_GetFRG1ClkFreq
 .text.CLOCK_GetMainClkFreq
                0x00001400       0x78 ./drivers/fsl_clock.o
                0x00001400                CLOCK_GetMainClkFreq
 .text.CLOCK_GetFroFreq
                0x00001478       0x78 ./drivers/fsl_clock.o
                0x00001478                CLOCK_GetFroFreq
 .text.CLOCK_GetFreq
                0x000014f0       0x90 ./drivers/fsl_clock.o
                0x000014f0                CLOCK_GetFreq
 .text.CLOCK_GetSystemPLLInClockRate
                0x00001580       0x64 ./drivers/fsl_clock.o
                0x00001580                CLOCK_GetSystemPLLInClockRate
 .text.CLOCK_SetMainClkSrc
                0x000015e4       0x9c ./drivers/fsl_clock.o
                0x000015e4                CLOCK_SetMainClkSrc
 .text.CLOCK_SetFroOutClkSrc
                0x00001680       0x48 ./drivers/fsl_clock.o
                0x00001680                CLOCK_SetFroOutClkSrc
 .text.SDK_DelayAtLeastUs
                0x000016c8       0x78 ./drivers/fsl_common_arm.o
                0x000016c8                SDK_DelayAtLeastUs
 .text.CTIMER_GenericIRQHandler
                0x00001740       0xb0 ./drivers/fsl_ctimer.o
 .text.DMA_GetInstance
                0x000017f0       0x48 ./drivers/fsl_dma.o
 .text.DMA_IRQHandle
                0x00001838      0x1f0 ./drivers/fsl_dma.o
                0x00001838                DMA_IRQHandle
 .text.DMA0_DriverIRQHandler
                0x00001a28       0x18 ./drivers/fsl_dma.o
                0x00001a28                DMA0_DriverIRQHandler
 .text.CLOCK_EnableClock
                0x00001a40       0x54 ./drivers/fsl_gpio.o
 .text.GPIO_EnablePortClock
                0x00001a94       0x38 ./drivers/fsl_gpio.o
 .text.GPIO_PortInit
                0x00001acc       0x30 ./drivers/fsl_gpio.o
                0x00001acc                GPIO_PortInit
 .text.CLOCK_EnableClock
                0x00001afc       0x54 ./drivers/fsl_i2c.o
 .text.I2C_GetInstance
                0x00001b50       0x4c ./drivers/fsl_i2c.o
                0x00001b50                I2C_GetInstance
 .text.I2C_MasterGetDefaultConfig
                0x00001b9c       0x34 ./drivers/fsl_i2c.o
                0x00001b9c                I2C_MasterGetDefaultConfig
 .text.I2C_MasterInit
                0x00001bd0       0x64 ./drivers/fsl_i2c.o
                0x00001bd0                I2C_MasterInit
 .text.I2C_TransferCommonIRQHandler
                0x00001c34       0x40 ./drivers/fsl_i2c.o
 .text.I2C0_DriverIRQHandler
                0x00001c74       0x20 ./drivers/fsl_i2c.o
                0x00001c74                I2C0_DriverIRQHandler
 .text.I2C1_DriverIRQHandler
                0x00001c94       0x20 ./drivers/fsl_i2c.o
                0x00001c94                I2C1_DriverIRQHandler
 .text.I2C2_DriverIRQHandler
                0x00001cb4       0x20 ./drivers/fsl_i2c.o
                0x00001cb4                I2C2_DriverIRQHandler
 .text.RESET_SetPeripheralReset
                0x00001cd4       0x70 ./drivers/fsl_reset.o
                0x00001cd4                RESET_SetPeripheralReset
 .text.RESET_ClearPeripheralReset
                0x00001d44       0x6c ./drivers/fsl_reset.o
                0x00001d44                RESET_ClearPeripheralReset
 .text.CLOCK_EnableClock
                0x00001db0       0x54 ./drivers/fsl_sctimer.o
 .text.SCTIMER_StartTimer
                0x00001e04       0xe4 ./drivers/fsl_sctimer.o
 .text.SCTIMER_StopTimer
                0x00001ee8       0xe0 ./drivers/fsl_sctimer.o
 .text.SCTIMER_SetupOutputSetAction
                0x00001fc8       0x48 ./drivers/fsl_sctimer.o
 .text.SCTIMER_SetupOutputClearAction
                0x00002010       0x4c ./drivers/fsl_sctimer.o
 .text.SCTIMER_SetupCounterLimitAction
                0x0000205c       0xc4 ./drivers/fsl_sctimer.o
 .text.SCTIMER_GetInstance
                0x00002120       0x50 ./drivers/fsl_sctimer.o
 .text.SCTIMER_Init
                0x00002170      0x148 ./drivers/fsl_sctimer.o
                0x00002170                SCTIMER_Init
 .text.SCTIMER_GetDefaultConfig
                0x000022b8       0x64 ./drivers/fsl_sctimer.o
                0x000022b8                SCTIMER_GetDefaultConfig
 .text.SCTIMER_SetupPwm
                0x0000231c      0x2dc ./drivers/fsl_sctimer.o
                0x0000231c                SCTIMER_SetupPwm
 .text.SCTIMER_UpdatePwmDutycycle
                0x000025f8      0x19c ./drivers/fsl_sctimer.o
                0x000025f8                SCTIMER_UpdatePwmDutycycle
 .text.SCTIMER_CreateAndScheduleEvent
                0x00002794      0x248 ./drivers/fsl_sctimer.o
                0x00002794                SCTIMER_CreateAndScheduleEvent
 .text.SCTIMER_EventHandleIRQ
                0x000029dc       0x74 ./drivers/fsl_sctimer.o
                0x000029dc                SCTIMER_EventHandleIRQ
 .text.SCT0_DriverIRQHandler
                0x00002a50       0x1c ./drivers/fsl_sctimer.o
                0x00002a50                SCT0_DriverIRQHandler
 .text.SWM_SetMovablePinSelect
                0x00002a6c       0x98 ./drivers/fsl_swm.o
                0x00002a6c                SWM_SetMovablePinSelect
 .text.SWM_SetFixedPinSelect
                0x00002b04       0xa0 ./drivers/fsl_swm.o
                0x00002b04                SWM_SetFixedPinSelect
 .text.USART0_DriverIRQHandler
                0x00002ba4       0x24 ./drivers/fsl_usart.o
                0x00002ba4                USART0_DriverIRQHandler
 .text.USART1_DriverIRQHandler
                0x00002bc8       0x24 ./drivers/fsl_usart.o
                0x00002bc8                USART1_DriverIRQHandler
 .text.USART2_DriverIRQHandler
                0x00002bec       0x24 ./drivers/fsl_usart.o
                0x00002bec                USART2_DriverIRQHandler
 .text.PIN_INT6_USART3_DriverIRQHandler
                0x00002c10       0x24 ./drivers/fsl_usart.o
                0x00002c10                PIN_INT6_USART3_DriverIRQHandler
 .text.PIN_INT7_USART4_DriverIRQHandler
                0x00002c34       0x24 ./drivers/fsl_usart.o
                0x00002c34                PIN_INT7_USART4_DriverIRQHandler
 .text.SystemInit
                0x00002c58       0x2c ./device/system_LPC845.o
                0x00002c58                SystemInit
 .text.CLOCK_Select
                0x00002c84       0x38 ./board/clock_config.o
 .text.CLOCK_SetCoreSysClkDiv
                0x00002cbc       0x3c ./board/clock_config.o
 .text.CLOCK_SetFroOscFreq
                0x00002cf8       0x24 ./board/clock_config.o
 .text.POWER_DisablePD
                0x00002d1c       0x2c ./board/clock_config.o
 .text.BOARD_BootClockFRO30M
                0x00002d48       0x58 ./board/clock_config.o
                0x00002d48                BOARD_BootClockFRO30M
 .text.prvInitialiseNewTask
                0x00002da0      0x104 /Users/vicenteseta/Documents/UTN-curso-lse/workspace_lpc845/freertos/Debug/libfreertos.a(tasks.o)
 .text.prvAddNewTaskToReadyList
                0x00002ea4      0x11c /Users/vicenteseta/Documents/UTN-curso-lse/workspace_lpc845/freertos/Debug/libfreertos.a(tasks.o)
 .text.vTaskDelete
                0x00002fc0       0xd4 /Users/vicenteseta/Documents/UTN-curso-lse/workspace_lpc845/freertos/Debug/libfreertos.a(tasks.o)
                0x00002fc0                vTaskDelete
 .text.vTaskDelay
                0x00003094       0x4c /Users/vicenteseta/Documents/UTN-curso-lse/workspace_lpc845/freertos/Debug/libfreertos.a(tasks.o)
                0x00003094                vTaskDelay
 .text.vTaskStartScheduler
                0x000030e0       0x74 /Users/vicenteseta/Documents/UTN-curso-lse/workspace_lpc845/freertos/Debug/libfreertos.a(tasks.o)
                0x000030e0                vTaskStartScheduler
 .text.vTaskSuspendAll
                0x00003154       0x18 /Users/vicenteseta/Documents/UTN-curso-lse/workspace_lpc845/freertos/Debug/libfreertos.a(tasks.o)
                0x00003154                vTaskSuspendAll
 .text.prvGetExpectedIdleTime
                0x0000316c       0x6c /Users/vicenteseta/Documents/UTN-curso-lse/workspace_lpc845/freertos/Debug/libfreertos.a(tasks.o)
 .text.xTaskResumeAll
                0x000031d8      0x1d4 /Users/vicenteseta/Documents/UTN-curso-lse/workspace_lpc845/freertos/Debug/libfreertos.a(tasks.o)
                0x000031d8                xTaskResumeAll
 .text.vTaskStepTick
                0x000033ac       0x84 /Users/vicenteseta/Documents/UTN-curso-lse/workspace_lpc845/freertos/Debug/libfreertos.a(tasks.o)
                0x000033ac                vTaskStepTick
 .text.xTaskIncrementTick
                0x00003430      0x218 /Users/vicenteseta/Documents/UTN-curso-lse/workspace_lpc845/freertos/Debug/libfreertos.a(tasks.o)
                0x00003430                xTaskIncrementTick
 .text.vTaskSwitchContext
                0x00003648       0xa4 /Users/vicenteseta/Documents/UTN-curso-lse/workspace_lpc845/freertos/Debug/libfreertos.a(tasks.o)
                0x00003648                vTaskSwitchContext
 .text.vTaskPlaceOnEventList
                0x000036ec       0x40 /Users/vicenteseta/Documents/UTN-curso-lse/workspace_lpc845/freertos/Debug/libfreertos.a(tasks.o)
                0x000036ec                vTaskPlaceOnEventList
 .text.xTaskRemoveFromEventList
                0x0000372c      0x19c /Users/vicenteseta/Documents/UTN-curso-lse/workspace_lpc845/freertos/Debug/libfreertos.a(tasks.o)
                0x0000372c                xTaskRemoveFromEventList
 .text.vTaskInternalSetTimeOutState
                0x000038c8       0x28 /Users/vicenteseta/Documents/UTN-curso-lse/workspace_lpc845/freertos/Debug/libfreertos.a(tasks.o)
                0x000038c8                vTaskInternalSetTimeOutState
 .text.xTaskCheckForTimeOut
                0x000038f0       0xac /Users/vicenteseta/Documents/UTN-curso-lse/workspace_lpc845/freertos/Debug/libfreertos.a(tasks.o)
                0x000038f0                xTaskCheckForTimeOut
 .text.vTaskMissedYield
                0x0000399c       0x14 /Users/vicenteseta/Documents/UTN-curso-lse/workspace_lpc845/freertos/Debug/libfreertos.a(tasks.o)
                0x0000399c                vTaskMissedYield
 .text.prvIdleTask
                0x000039b0       0x64 /Users/vicenteseta/Documents/UTN-curso-lse/workspace_lpc845/freertos/Debug/libfreertos.a(tasks.o)
 .text.eTaskConfirmSleepModeStatus
                0x00003a14       0x78 /Users/vicenteseta/Documents/UTN-curso-lse/workspace_lpc845/freertos/Debug/libfreertos.a(tasks.o)
                0x00003a14                eTaskConfirmSleepModeStatus
 .text.prvInitialiseTaskLists
                0x00003a8c       0x88 /Users/vicenteseta/Documents/UTN-curso-lse/workspace_lpc845/freertos/Debug/libfreertos.a(tasks.o)
 .text.prvCheckTasksWaitingTermination
                0x00003b14       0x5c /Users/vicenteseta/Documents/UTN-curso-lse/workspace_lpc845/freertos/Debug/libfreertos.a(tasks.o)
 .text.prvResetNextTaskUnblockTime
                0x00003b70       0x34 /Users/vicenteseta/Documents/UTN-curso-lse/workspace_lpc845/freertos/Debug/libfreertos.a(tasks.o)
 .text.xTaskPriorityInherit
                0x00003ba4      0x120 /Users/vicenteseta/Documents/UTN-curso-lse/workspace_lpc845/freertos/Debug/libfreertos.a(tasks.o)
                0x00003ba4                xTaskPriorityInherit
 .text.xTaskPriorityDisinherit
                0x00003cc4      0x108 /Users/vicenteseta/Documents/UTN-curso-lse/workspace_lpc845/freertos/Debug/libfreertos.a(tasks.o)
                0x00003cc4                xTaskPriorityDisinherit
 .text.vTaskPriorityDisinheritAfterTimeout
                0x00003dcc      0x130 /Users/vicenteseta/Documents/UTN-curso-lse/workspace_lpc845/freertos/Debug/libfreertos.a(tasks.o)
                0x00003dcc                vTaskPriorityDisinheritAfterTimeout
 .text.pvTaskIncrementMutexHeldCount
                0x00003efc       0x24 /Users/vicenteseta/Documents/UTN-curso-lse/workspace_lpc845/freertos/Debug/libfreertos.a(tasks.o)
                0x00003efc                pvTaskIncrementMutexHeldCount
 .text.prvAddCurrentTaskToDelayedList
                0x00003f20       0xdc /Users/vicenteseta/Documents/UTN-curso-lse/workspace_lpc845/freertos/Debug/libfreertos.a(tasks.o)
 .text.pvPortMalloc
                0x00003ffc      0x140 /Users/vicenteseta/Documents/UTN-curso-lse/workspace_lpc845/freertos/Debug/libfreertos.a(heap_2.o)
                0x00003ffc                pvPortMalloc
 .text.vPortFree
                0x0000413c       0xac /Users/vicenteseta/Documents/UTN-curso-lse/workspace_lpc845/freertos/Debug/libfreertos.a(heap_2.o)
                0x0000413c                vPortFree
 .text.prvHeapInit
                0x000041e8       0x50 /Users/vicenteseta/Documents/UTN-curso-lse/workspace_lpc845/freertos/Debug/libfreertos.a(heap_2.o)
 .text.pxPortInitialiseStack
                0x00004238       0x54 /Users/vicenteseta/Documents/UTN-curso-lse/workspace_lpc845/freertos/Debug/libfreertos.a(port.o)
                0x00004238                pxPortInitialiseStack
 .text.prvTaskExitError
                0x0000428c       0x30 /Users/vicenteseta/Documents/UTN-curso-lse/workspace_lpc845/freertos/Debug/libfreertos.a(port.o)
 .text.xPortStartScheduler
                0x000042bc       0x48 /Users/vicenteseta/Documents/UTN-curso-lse/workspace_lpc845/freertos/Debug/libfreertos.a(port.o)
                0x000042bc                xPortStartScheduler
 .text.vPortYield
                0x00004304       0x20 /Users/vicenteseta/Documents/UTN-curso-lse/workspace_lpc845/freertos/Debug/libfreertos.a(port.o)
                0x00004304                vPortYield
 .text.vPortEnterCritical
                0x00004324       0x24 /Users/vicenteseta/Documents/UTN-curso-lse/workspace_lpc845/freertos/Debug/libfreertos.a(port.o)
                0x00004324                vPortEnterCritical
 .text.vPortExitCritical
                0x00004348       0x30 /Users/vicenteseta/Documents/UTN-curso-lse/workspace_lpc845/freertos/Debug/libfreertos.a(port.o)
                0x00004348                vPortExitCritical
 .text.SysTick_Handler
                0x00004378       0x34 /Users/vicenteseta/Documents/UTN-curso-lse/workspace_lpc845/freertos/Debug/libfreertos.a(port.o)
                0x00004378                SysTick_Handler
 .text.vPortSetupTimerInterrupt
                0x000043ac       0x84 /Users/vicenteseta/Documents/UTN-curso-lse/workspace_lpc845/freertos/Debug/libfreertos.a(port.o)
                0x000043ac                vPortSetupTimerInterrupt
 .text.vPortSuppressTicksAndSleep
                0x00004430      0x194 /Users/vicenteseta/Documents/UTN-curso-lse/workspace_lpc845/freertos/Debug/libfreertos.a(port.o)
                0x00004430                vPortSuppressTicksAndSleep
 .text.malloc   0x000045c4       0xd4 /Applications/MCUXpressoIDE_24.12.148/ide/plugins/com.nxp.mcuxpresso.tools.macosx_24.12.0.202407110909/tools/bin/../lib/gcc/arm-none-eabi/13.2.1/../../../../arm-none-eabi/lib/thumb/v6-m/nofp/libcr_c.a(alloc.o)
                0x000045c4                malloc
 .text._Csys_alloc
                0x00004698       0x20 /Applications/MCUXpressoIDE_24.12.148/ide/plugins/com.nxp.mcuxpresso.tools.macosx_24.12.0.202407110909/tools/bin/../lib/gcc/arm-none-eabi/13.2.1/../../../../arm-none-eabi/lib/thumb/v6-m/nofp/libcr_c.a(alloc.o)
                0x00004698                _Csys_alloc
 .text._initio  0x000046b8       0x7c /Applications/MCUXpressoIDE_24.12.148/ide/plugins/com.nxp.mcuxpresso.tools.macosx_24.12.0.202407110909/tools/bin/../lib/gcc/arm-none-eabi/13.2.1/../../../../arm-none-eabi/lib/thumb/v6-m/nofp/libcr_c.a(initio.o)
                0x000046b8                _initio
 .text.__vfprintf
                0x00004734      0xd3c /Applications/MCUXpressoIDE_24.12.148/ide/plugins/com.nxp.mcuxpresso.tools.macosx_24.12.0.202407110909/tools/bin/../lib/gcc/arm-none-eabi/13.2.1/../../../../arm-none-eabi/lib/thumb/v6-m/nofp/libcr_c.a(printf.o)
                0x00004734                __vfprintf
 .text._vsnprintf
                0x00005470       0x70 /Applications/MCUXpressoIDE_24.12.148/ide/plugins/com.nxp.mcuxpresso.tools.macosx_24.12.0.202407110909/tools/bin/../lib/gcc/arm-none-eabi/13.2.1/../../../../arm-none-eabi/lib/thumb/v6-m/nofp/libcr_c.a(printf.o)
                0x00005470                _vsnprintf
 .text._printf  0x000054e0       0x50 /Applications/MCUXpressoIDE_24.12.148/ide/plugins/com.nxp.mcuxpresso.tools.macosx_24.12.0.202407110909/tools/bin/../lib/gcc/arm-none-eabi/13.2.1/../../../../arm-none-eabi/lib/thumb/v6-m/nofp/libcr_c.a(printf.o)
                0x000054e0                _printf
 .text.setvbuf  0x00005530       0x4c /Applications/MCUXpressoIDE_24.12.148/ide/plugins/com.nxp.mcuxpresso.tools.macosx_24.12.0.202407110909/tools/bin/../lib/gcc/arm-none-eabi/13.2.1/../../../../arm-none-eabi/lib/thumb/v6-m/nofp/libcr_c.a(setvbuf.o)
                0x00005530                setvbuf
 .text.strlen   0x0000557c       0x5c /Applications/MCUXpressoIDE_24.12.148/ide/plugins/com.nxp.mcuxpresso.tools.macosx_24.12.0.202407110909/tools/bin/../lib/gcc/arm-none-eabi/13.2.1/../../../../arm-none-eabi/lib/thumb/v6-m/nofp/libcr_c.a(strlen.o)
                0x0000557c                strlen
 .text._sbrk    0x000055d8       0x44 /Applications/MCUXpressoIDE_24.12.148/ide/plugins/com.nxp.mcuxpresso.tools.macosx_24.12.0.202407110909/tools/bin/../lib/gcc/arm-none-eabi/13.2.1/../../../../arm-none-eabi/lib/thumb/v6-m/nofp/libcr_c.a(_cr_sbrk.o)
                0x000055d8                _sbrk
 .text._deferredlazyseek
                0x0000561c       0x40 /Applications/MCUXpressoIDE_24.12.148/ide/plugins/com.nxp.mcuxpresso.tools.macosx_24.12.0.202407110909/tools/bin/../lib/gcc/arm-none-eabi/13.2.1/../../../../arm-none-eabi/lib/thumb/v6-m/nofp/libcr_c.a(_deferredlazyseek.o)
                0x0000561c                _deferredlazyseek
 .text.__flsbuf
                0x0000565c      0x12c /Applications/MCUXpressoIDE_24.12.148/ide/plugins/com.nxp.mcuxpresso.tools.macosx_24.12.0.202407110909/tools/bin/../lib/gcc/arm-none-eabi/13.2.1/../../../../arm-none-eabi/lib/thumb/v6-m/nofp/libcr_c.a(_deferredlazyseek.o)
                0x0000565c                __flsbuf
 .text._fdopen  0x00005788       0x74 /Applications/MCUXpressoIDE_24.12.148/ide/plugins/com.nxp.mcuxpresso.tools.macosx_24.12.0.202407110909/tools/bin/../lib/gcc/arm-none-eabi/13.2.1/../../../../arm-none-eabi/lib/thumb/v6-m/nofp/libcr_c.a(_fdopen.o)
                0x00005788                _fdopen
 .text._fflush  0x000057fc       0x5c /Applications/MCUXpressoIDE_24.12.148/ide/plugins/com.nxp.mcuxpresso.tools.macosx_24.12.0.202407110909/tools/bin/../lib/gcc/arm-none-eabi/13.2.1/../../../../arm-none-eabi/lib/thumb/v6-m/nofp/libcr_c.a(_fflush.o)
                0x000057fc                _fflush
 .text._Cwritebuf
                0x00005858       0x68 /Applications/MCUXpressoIDE_24.12.148/ide/plugins/com.nxp.mcuxpresso.tools.macosx_24.12.0.202407110909/tools/bin/../lib/gcc/arm-none-eabi/13.2.1/../../../../arm-none-eabi/lib/thumb/v6-m/nofp/libcr_c.a(_writebuf.o)
                0x00005858                _Cwritebuf
 .text.fclose   0x000058c0       0x5c /Applications/MCUXpressoIDE_24.12.148/ide/plugins/com.nxp.mcuxpresso.tools.macosx_24.12.0.202407110909/tools/bin/../lib/gcc/arm-none-eabi/13.2.1/../../../../arm-none-eabi/lib/thumb/v6-m/nofp/libcr_c.a(fclose.o)
                0x000058c0                fclose
 .text.fflush   0x0000591c       0x40 /Applications/MCUXpressoIDE_24.12.148/ide/plugins/com.nxp.mcuxpresso.tools.macosx_24.12.0.202407110909/tools/bin/../lib/gcc/arm-none-eabi/13.2.1/../../../../arm-none-eabi/lib/thumb/v6-m/nofp/libcr_c.a(fflush.o)
                0x0000591c                fflush
 .text.fseek    0x0000595c       0xec /Applications/MCUXpressoIDE_24.12.148/ide/plugins/com.nxp.mcuxpresso.tools.macosx_24.12.0.202407110909/tools/bin/../lib/gcc/arm-none-eabi/13.2.1/../../../../arm-none-eabi/lib/thumb/v6-m/nofp/libcr_c.a(fseek.o)
                0x0000595c                fseek
 .text.ftell    0x00005a48       0x4c /Applications/MCUXpressoIDE_24.12.148/ide/plugins/com.nxp.mcuxpresso.tools.macosx_24.12.0.202407110909/tools/bin/../lib/gcc/arm-none-eabi/13.2.1/../../../../arm-none-eabi/lib/thumb/v6-m/nofp/libcr_c.a(ftell.o)
                0x00005a48                ftell
 .text.__check_heap_overflow
                0x00005a94       0x18 /Applications/MCUXpressoIDE_24.12.148/ide/plugins/com.nxp.mcuxpresso.tools.macosx_24.12.0.202407110909/tools/bin/../lib/gcc/arm-none-eabi/13.2.1/../../../../arm-none-eabi/lib/thumb/v6-m/nofp/libcr_c.a(_cr_check_heap.o)
                0x00005a94                __check_heap_overflow
 .text._do_fflush
                0x00005aac       0x48 /Applications/MCUXpressoIDE_24.12.148/ide/plugins/com.nxp.mcuxpresso.tools.macosx_24.12.0.202407110909/tools/bin/../lib/gcc/arm-none-eabi/13.2.1/../../../../arm-none-eabi/lib/thumb/v6-m/nofp/libcr_c.a(_do_fflush.o)
                0x00005aac                _do_fflush
 .text.__sys_appexit
                0x00005af4        0xc /Applications/MCUXpressoIDE_24.12.148/ide/plugins/com.nxp.mcuxpresso.tools.macosx_24.12.0.202407110909/tools/bin/../lib/gcc/arm-none-eabi/13.2.1/../../../../arm-none-eabi/lib/thumb/v6-m/nofp/libcr_semihost_nf.a(__sys_appexit.o)
                0x00005af4                __exit
                0x00005af4                __sys_appexit
 .text.fsl_assert_hook
                0x00005b00       0x16 ./utilities/fsl_assert.o
                0x00005b00                fsl_assert_hook
 .text.GPIO_PinWrite
                0x00005b16       0x2c ./source/INTEGRADOR_FINAL.o
 .text.GPIO_PinRead
                0x00005b42       0x24 ./source/INTEGRADOR_FINAL.o
 .text.ADC_EnableConvSeqA
                0x00005b66       0x3a ./source/INTEGRADOR_FINAL.o
 .text.ADC_DoSoftwareTriggerConvSeqA
                0x00005ba0       0x1e ./source/INTEGRADOR_FINAL.o
 .text.Task_IR  0x00005bbe       0x5a ./source/INTEGRADOR_FINAL.o
                0x00005bbe                Task_IR
 .text.RESET_ReleasePeripheralReset
                0x00005c18       0x18 ./drivers/fsl_adc.o
 .text.ADC_GetDefaultConfig
                0x00005c30       0x34 ./drivers/fsl_adc.o
                0x00005c30                ADC_GetDefaultConfig
 .text.CLOCK_GetFRGInputClkFreq
                0x00005c64       0x3e ./drivers/fsl_clock.o
 .text.DelayLoop
                0x00005ca2       0x1a ./drivers/fsl_common_arm.o
 .text.CTIMER_GetStatusFlags
                0x00005cbc       0x14 ./drivers/fsl_ctimer.o
 .text.CTIMER_ClearStatusFlags
                0x00005cd0       0x18 ./drivers/fsl_ctimer.o
 .text.CTIMER0_DriverIRQHandler
                0x00005ce8       0x10 ./drivers/fsl_ctimer.o
                0x00005ce8                CTIMER0_DriverIRQHandler
 .text.DMA_GetVirtualStartChannel
                0x00005cf8       0x44 ./drivers/fsl_dma.o
 .text.GPIO_PinInit
                0x00005d3c       0xc0 ./drivers/fsl_gpio.o
                0x00005d3c                GPIO_PinInit
 .text.I2C_MasterEnable
                0x00005dfc       0x3c ./drivers/fsl_i2c.o
 .text.I2C_MasterSetBaudRate
                0x00005e38       0xcc ./drivers/fsl_i2c.o
                0x00005e38                I2C_MasterSetBaudRate
 .text.RESET_PeripheralReset
                0x00005f04       0x20 ./drivers/fsl_reset.o
                0x00005f04                RESET_PeripheralReset
 .text.SystemInitHook
                0x00005f24        0xa ./device/system_LPC845.o
                0x00005f24                SystemInitHook
 .text.BOARD_InitDebugConsole
                0x00005f2e        0xc ./board/board.o
                0x00005f2e                BOARD_InitDebugConsole
 .text.xQueueGenericReset
                0x00005f3a      0x116 /Users/vicenteseta/Documents/UTN-curso-lse/workspace_lpc845/freertos/Debug/libfreertos.a(queue.o)
                0x00005f3a                xQueueGenericReset
 .text.xQueueGenericCreate
                0x00006050       0xbe /Users/vicenteseta/Documents/UTN-curso-lse/workspace_lpc845/freertos/Debug/libfreertos.a(queue.o)
                0x00006050                xQueueGenericCreate
 .text.prvInitialiseNewQueue
                0x0000610e       0x4e /Users/vicenteseta/Documents/UTN-curso-lse/workspace_lpc845/freertos/Debug/libfreertos.a(queue.o)
 .text.prvInitialiseMutex
                0x0000615c       0x34 /Users/vicenteseta/Documents/UTN-curso-lse/workspace_lpc845/freertos/Debug/libfreertos.a(queue.o)
 .text.xQueueCreateMutex
                0x00006190       0x38 /Users/vicenteseta/Documents/UTN-curso-lse/workspace_lpc845/freertos/Debug/libfreertos.a(queue.o)
                0x00006190                xQueueCreateMutex
 .text.xQueueGenericSend
                0x000061c8      0x172 /Users/vicenteseta/Documents/UTN-curso-lse/workspace_lpc845/freertos/Debug/libfreertos.a(queue.o)
                0x000061c8                xQueueGenericSend
 .text.xQueueSemaphoreTake
                0x0000633a      0x192 /Users/vicenteseta/Documents/UTN-curso-lse/workspace_lpc845/freertos/Debug/libfreertos.a(queue.o)
                0x0000633a                xQueueSemaphoreTake
 .text.xQueuePeek
                0x000064cc      0x156 /Users/vicenteseta/Documents/UTN-curso-lse/workspace_lpc845/freertos/Debug/libfreertos.a(queue.o)
                0x000064cc                xQueuePeek
 .text.prvGetDisinheritPriorityAfterTimeout
                0x00006622       0x2c /Users/vicenteseta/Documents/UTN-curso-lse/workspace_lpc845/freertos/Debug/libfreertos.a(queue.o)
 .text.prvCopyDataToQueue
                0x0000664e       0xd6 /Users/vicenteseta/Documents/UTN-curso-lse/workspace_lpc845/freertos/Debug/libfreertos.a(queue.o)
 .text.prvCopyDataFromQueue
                0x00006724       0x4c /Users/vicenteseta/Documents/UTN-curso-lse/workspace_lpc845/freertos/Debug/libfreertos.a(queue.o)
 .text.prvUnlockQueue
                0x00006770       0xbc /Users/vicenteseta/Documents/UTN-curso-lse/workspace_lpc845/freertos/Debug/libfreertos.a(queue.o)
 .text.prvIsQueueEmpty
                0x0000682c       0x2c /Users/vicenteseta/Documents/UTN-curso-lse/workspace_lpc845/freertos/Debug/libfreertos.a(queue.o)
 .text.prvIsQueueFull
                0x00006858       0x30 /Users/vicenteseta/Documents/UTN-curso-lse/workspace_lpc845/freertos/Debug/libfreertos.a(queue.o)
 .text.xTaskCreate
                0x00006888       0x9c /Users/vicenteseta/Documents/UTN-curso-lse/workspace_lpc845/freertos/Debug/libfreertos.a(tasks.o)
                0x00006888                xTaskCreate
 .text.prvDeleteTCB
                0x00006924       0x22 /Users/vicenteseta/Documents/UTN-curso-lse/workspace_lpc845/freertos/Debug/libfreertos.a(tasks.o)
 .text.vListInitialise
                0x00006946       0x3c /Users/vicenteseta/Documents/UTN-curso-lse/workspace_lpc845/freertos/Debug/libfreertos.a(list.o)
                0x00006946                vListInitialise
 .text.vListInitialiseItem
                0x00006982       0x16 /Users/vicenteseta/Documents/UTN-curso-lse/workspace_lpc845/freertos/Debug/libfreertos.a(list.o)
                0x00006982                vListInitialiseItem
 .text.vListInsertEnd
                0x00006998       0x44 /Users/vicenteseta/Documents/UTN-curso-lse/workspace_lpc845/freertos/Debug/libfreertos.a(list.o)
                0x00006998                vListInsertEnd
 .text.vListInsert
                0x000069dc       0x6c /Users/vicenteseta/Documents/UTN-curso-lse/workspace_lpc845/freertos/Debug/libfreertos.a(list.o)
                0x000069dc                vListInsert
 .text.uxListRemove
                0x00006a48       0x50 /Users/vicenteseta/Documents/UTN-curso-lse/workspace_lpc845/freertos/Debug/libfreertos.a(list.o)
                0x00006a48                uxListRemove
 .text.SVC_Handler
                0x00006a98        0xa /Users/vicenteseta/Documents/UTN-curso-lse/workspace_lpc845/freertos/Debug/libfreertos.a(port.o)
                0x00006a98                SVC_Handler
 .text.ulSetInterruptMaskFromISR
                0x00006aa2        0xc /Users/vicenteseta/Documents/UTN-curso-lse/workspace_lpc845/freertos/Debug/libfreertos.a(port.o)
                0x00006aa2                ulSetInterruptMaskFromISR
 .text.vClearInterruptMaskFromISR
                0x00006aae        0x8 /Users/vicenteseta/Documents/UTN-curso-lse/workspace_lpc845/freertos/Debug/libfreertos.a(port.o)
                0x00006aae                vClearInterruptMaskFromISR
 .text.__main   0x00006ab6        0xc /Applications/MCUXpressoIDE_24.12.148/ide/plugins/com.nxp.mcuxpresso.tools.macosx_24.12.0.202407110909/tools/bin/../lib/gcc/arm-none-eabi/13.2.1/../../../../arm-none-eabi/lib/thumb/v6-m/nofp/libcr_semihost_nf.a(_cr__main.o)
                0x00006ab6                __main
                0x00006ab6                __CR_SEMIHOST
 .text.memcpy   0x00006ac2        0x8 /Applications/MCUXpressoIDE_24.12.148/ide/plugins/com.nxp.mcuxpresso.tools.macosx_24.12.0.202407110909/tools/bin/../lib/gcc/arm-none-eabi/13.2.1/../../../../arm-none-eabi/lib/thumb/v6-m/nofp/libcr_c.a(memcpy.o)
                0x00006ac2                memcpy
 .text.memset   0x00006aca        0x8 /Applications/MCUXpressoIDE_24.12.148/ide/plugins/com.nxp.mcuxpresso.tools.macosx_24.12.0.202407110909/tools/bin/../lib/gcc/arm-none-eabi/13.2.1/../../../../arm-none-eabi/lib/thumb/v6-m/nofp/libcr_c.a(memset.o)
                0x00006aca                memset
 .text.free     0x00006ad2       0x2c /Applications/MCUXpressoIDE_24.12.148/ide/plugins/com.nxp.mcuxpresso.tools.macosx_24.12.0.202407110909/tools/bin/../lib/gcc/arm-none-eabi/13.2.1/../../../../arm-none-eabi/lib/thumb/v6-m/nofp/libcr_c.a(alloc.o)
                0x00006ad2                free
 .text.no_fp_display
                0x00006afe        0x4 /Applications/MCUXpressoIDE_24.12.148/ide/plugins/com.nxp.mcuxpresso.tools.macosx_24.12.0.202407110909/tools/bin/../lib/gcc/arm-none-eabi/13.2.1/../../../../arm-none-eabi/lib/thumb/v6-m/nofp/libcr_c.a(printf.o)
 .text.remove   0x00006b02       0x12 /Applications/MCUXpressoIDE_24.12.148/ide/plugins/com.nxp.mcuxpresso.tools.macosx_24.12.0.202407110909/tools/bin/../lib/gcc/arm-none-eabi/13.2.1/../../../../arm-none-eabi/lib/thumb/v6-m/nofp/libcr_c.a(remove.o)
                0x00006b02                remove
 .text.__aeabi_division_idivmod
                0x00006b14       0x78 /Applications/MCUXpressoIDE_24.12.148/ide/plugins/com.nxp.mcuxpresso.tools.macosx_24.12.0.202407110909/tools/bin/../lib/gcc/arm-none-eabi/13.2.1/thumb/v6-m/nofp/libcr_eabihelpers.a(division_32.o)
                0x00006b14                __aeabi_idiv
                0x00006b14                __aeabi_idivmod
                0x00006b1a                __aeabi_uidiv
                0x00006b1a                __aeabi_uidivmod
 .text.__aeabi_division_uldivmod
                0x00006b8c       0x5a /Applications/MCUXpressoIDE_24.12.148/ide/plugins/com.nxp.mcuxpresso.tools.macosx_24.12.0.202407110909/tools/bin/../lib/gcc/arm-none-eabi/13.2.1/thumb/v6-m/nofp/libcr_eabihelpers.a(division_64.o)
                0x00006b8c                __aeabi_uldivmod
 .text.__aeabi_division_idiv0
                0x00006be6        0x2 /Applications/MCUXpressoIDE_24.12.148/ide/plugins/com.nxp.mcuxpresso.tools.macosx_24.12.0.202407110909/tools/bin/../lib/gcc/arm-none-eabi/13.2.1/thumb/v6-m/nofp/libcr_eabihelpers.a(division_idiv0.o)
                0x00006be6                __aeabi_idiv0
 .text.__aeabi_llong_lmul
                0x00006be8       0x2e /Applications/MCUXpressoIDE_24.12.148/ide/plugins/com.nxp.mcuxpresso.tools.macosx_24.12.0.202407110909/tools/bin/../lib/gcc/arm-none-eabi/13.2.1/thumb/v6-m/nofp/libcr_eabihelpers.a(llong.o)
                0x00006be8                __aeabi_lmul
 .text.__aeabi_memcpy
                0x00006c16       0x2c /Applications/MCUXpressoIDE_24.12.148/ide/plugins/com.nxp.mcuxpresso.tools.macosx_24.12.0.202407110909/tools/bin/../lib/gcc/arm-none-eabi/13.2.1/thumb/v6-m/nofp/libcr_eabihelpers.a(memcpy.o)
                0x00006c16                __aeabi_memcpy
                0x00006c16                __aeabi_memcpy4
                0x00006c16                __aeabi_memcpy8
 .text.__aeabi_memset_lowlevel
                0x00006c42       0x2a /Applications/MCUXpressoIDE_24.12.148/ide/plugins/com.nxp.mcuxpresso.tools.macosx_24.12.0.202407110909/tools/bin/../lib/gcc/arm-none-eabi/13.2.1/thumb/v6-m/nofp/libcr_eabihelpers.a(memcpy.o)
                0x00006c42                __aeabi_lowlevel_memset
 .text.__gnu_thumb1_case_uqi
                0x00006c6c       0x10 /Applications/MCUXpressoIDE_24.12.148/ide/plugins/com.nxp.mcuxpresso.tools.macosx_24.12.0.202407110909/tools/bin/../lib/gcc/arm-none-eabi/13.2.1/thumb/v6-m/nofp/libcr_eabihelpers.a(thumb1_switch_helpers.o)
                0x00006c6c                __gnu_thumb1_case_uqi
 .text.__gnu_thumb1_case_shi
                0x00006c7c       0x10 /Applications/MCUXpressoIDE_24.12.148/ide/plugins/com.nxp.mcuxpresso.tools.macosx_24.12.0.202407110909/tools/bin/../lib/gcc/arm-none-eabi/13.2.1/thumb/v6-m/nofp/libcr_eabihelpers.a(thumb1_switch_helpers.o)
                0x00006c7c                __gnu_thumb1_case_shi
 .text.__gnu_thumb1_case_uhi
                0x00006c8c       0x10 /Applications/MCUXpressoIDE_24.12.148/ide/plugins/com.nxp.mcuxpresso.tools.macosx_24.12.0.202407110909/tools/bin/../lib/gcc/arm-none-eabi/13.2.1/thumb/v6-m/nofp/libcr_eabihelpers.a(thumb1_switch_helpers.o)
                0x00006c8c                __gnu_thumb1_case_uhi
 .text.__sys_close
                0x00006c9c        0xc /Applications/MCUXpressoIDE_24.12.148/ide/plugins/com.nxp.mcuxpresso.tools.macosx_24.12.0.202407110909/tools/bin/../lib/gcc/arm-none-eabi/13.2.1/../../../../arm-none-eabi/lib/thumb/v6-m/nofp/libcr_semihost_nf.a(__sys_close.o)
                0x00006c9c                __sys_close
 .text.__sys_flen
                0x00006ca8        0xc /Applications/MCUXpressoIDE_24.12.148/ide/plugins/com.nxp.mcuxpresso.tools.macosx_24.12.0.202407110909/tools/bin/../lib/gcc/arm-none-eabi/13.2.1/../../../../arm-none-eabi/lib/thumb/v6-m/nofp/libcr_semihost_nf.a(__sys_flen.o)
                0x00006ca8                __sys_flen
 .text.__sys_istty
                0x00006cb4        0xc /Applications/MCUXpressoIDE_24.12.148/ide/plugins/com.nxp.mcuxpresso.tools.macosx_24.12.0.202407110909/tools/bin/../lib/gcc/arm-none-eabi/13.2.1/../../../../arm-none-eabi/lib/thumb/v6-m/nofp/libcr_semihost_nf.a(__sys_istty.o)
                0x00006cb4                __sys_istty
 .text.__sys_remove
                0x00006cc0        0xc /Applications/MCUXpressoIDE_24.12.148/ide/plugins/com.nxp.mcuxpresso.tools.macosx_24.12.0.202407110909/tools/bin/../lib/gcc/arm-none-eabi/13.2.1/../../../../arm-none-eabi/lib/thumb/v6-m/nofp/libcr_semihost_nf.a(__sys_remove.o)
                0x00006cc0                __sys_remove
 .text.__sys_seek
                0x00006ccc        0xc /Applications/MCUXpressoIDE_24.12.148/ide/plugins/com.nxp.mcuxpresso.tools.macosx_24.12.0.202407110909/tools/bin/../lib/gcc/arm-none-eabi/13.2.1/../../../../arm-none-eabi/lib/thumb/v6-m/nofp/libcr_semihost_nf.a(__sys_seek.o)
                0x00006ccc                __sys_seek
 .text.__sys_tmpnam
                0x00006cd8        0xc /Applications/MCUXpressoIDE_24.12.148/ide/plugins/com.nxp.mcuxpresso.tools.macosx_24.12.0.202407110909/tools/bin/../lib/gcc/arm-none-eabi/13.2.1/../../../../arm-none-eabi/lib/thumb/v6-m/nofp/libcr_semihost_nf.a(__sys_tmpnam.o)
                0x00006cd8                __sys_tmpnam
 .text.__sys_write
                0x00006ce4        0xc /Applications/MCUXpressoIDE_24.12.148/ide/plugins/com.nxp.mcuxpresso.tools.macosx_24.12.0.202407110909/tools/bin/../lib/gcc/arm-none-eabi/13.2.1/../../../../arm-none-eabi/lib/thumb/v6-m/nofp/libcr_semihost_nf.a(__sys_write.o)
                0x00006ce4                __sys_write
 *(SORT_BY_ALIGNMENT(.rodata) SORT_BY_ALIGNMENT(.rodata.*) SORT_BY_ALIGNMENT(.constdata) SORT_BY_ALIGNMENT(.constdata.*))
 .rodata.__assertion_failed.str1.4
                0x00006cf0      0xc01 ./utilities/fsl_assert.o
                                 0x14 (size before relaxing)
 .rodata.SCTIMER_StartTimer.str1.4
                0x000078f1      0x2cf ./source/INTEGRADOR_FINAL.o
 *fill*         0x000078f1        0x3 ff
 .rodata.tabla7Seg
                0x000078f4       0x46 ./source/INTEGRADOR_FINAL.o
                0x000078f4                tabla7Seg
 *fill*         0x0000793a        0x2 ff
 .rodata        0x0000793c        0xb ./source/INTEGRADOR_FINAL.o
 .rodata.main.str1.4
                0x00007947       0x28 ./source/INTEGRADOR_FINAL.o
 .rodata.ADC_GetInstance.str1.4
                0x00007947       0x31 ./drivers/fsl_adc.o
 .rodata.ADC_Init.str1.4
                0x00007947       0x1e ./drivers/fsl_adc.o
 .rodata.ADC_DoSelfCalibration.str1.4
                0x00007947       0x20 ./drivers/fsl_adc.o
 .rodata.ADC_SetConvSeqAConfig.str1.4
                0x00007947       0x1f ./drivers/fsl_adc.o
 .rodata.ADC_GetChannelConversionResult.str1.4
                0x00007947       0x48 ./drivers/fsl_adc.o
 .rodata.CLOCK_UpdateClkSrc.str1.4
                0x00007947       0x17 ./drivers/fsl_clock.o
 *fill*         0x00007947        0x1 ff
 .rodata.CLOCK_GetFreq
                0x00007948       0x24 ./drivers/fsl_clock.o
 .rodata.SDK_DelayAtLeastUs.str1.4
                0x0000796c       0x2b ./drivers/fsl_common_arm.o
 .rodata.DMA_GetInstance.str1.4
                0x0000796c       0x31 ./drivers/fsl_dma.o
 .rodata.s_gpioClockName
                0x0000796c        0x4 ./drivers/fsl_gpio.o
 .rodata.s_gpioResets
                0x00007970        0x8 ./drivers/fsl_gpio.o
 .rodata.GPIO_EnablePortClock.str1.4
                0x00007978       0x33 ./drivers/fsl_gpio.o
 .rodata.s_i2cBases
                0x00007978       0x10 ./drivers/fsl_i2c.o
 .rodata.s_i2cClocks
                0x00007988        0x8 ./drivers/fsl_i2c.o
 .rodata.s_i2cResets
                0x00007990       0x10 ./drivers/fsl_i2c.o
 .rodata.I2C_GetInstance.str1.4
                0x000079a0       0x32 ./drivers/fsl_i2c.o
 .rodata.RESET_SetPeripheralReset.str1.4
                0x000079a0       0x1f ./drivers/fsl_reset.o
 .rodata.RESET_ClearPeripheralReset.str1.4
                0x000079a0       0x1f ./drivers/fsl_reset.o
 .rodata.SCTIMER_StartTimer.str1.4
                0x000079a0      0x12a ./drivers/fsl_sctimer.o
 .rodata.SCTIMER_StopTimer.str1.4
                0x000079a0      0x12a ./drivers/fsl_sctimer.o
 .rodata.SCTIMER_SetupOutputSetAction.str1.4
                0x000079a0       0x4a ./drivers/fsl_sctimer.o
 .rodata.SCTIMER_SetupOutputClearAction.str1.4
                0x000079a0       0x4a ./drivers/fsl_sctimer.o
 .rodata.SCTIMER_SetupCounterLimitAction.str1.4
                0x000079a0       0xc9 ./drivers/fsl_sctimer.o
 .rodata.SCTIMER_GetInstance.str1.4
                0x000079a0       0x2c ./drivers/fsl_sctimer.o
 .rodata.SCTIMER_Init.str1.4
                0x000079a0       0x23 ./drivers/fsl_sctimer.o
 .rodata.SCTIMER_GetDefaultConfig.str1.4
                0x000079a0       0x23 ./drivers/fsl_sctimer.o
 .rodata.SCTIMER_SetupPwm.str1.4
                0x000079a0      0x119 ./drivers/fsl_sctimer.o
 .rodata.SCTIMER_UpdatePwmDutycycle.str1.4
                0x000079a0       0xc5 ./drivers/fsl_sctimer.o
 .rodata.SWM_SetMovablePinSelect.str1.4
                0x000079a0       0x49 ./drivers/fsl_swm.o
 .rodata.SWM_SetFixedPinSelect.str1.4
                0x000079a0       0x1d ./drivers/fsl_swm.o
 .rodata.CLOCK_SetCoreSysClkDiv.str1.4
                0x000079a0       0x73 ./board/clock_config.o
 .rodata.uxTopUsedPriority
                0x000079a0        0x4 /Users/vicenteseta/Documents/UTN-curso-lse/workspace_lpc845/freertos/Debug/libfreertos.a(tasks.o)
                0x000079a0                uxTopUsedPriority
 .rodata.vTaskStartScheduler.str1.4
                0x000079a4        0x5 /Users/vicenteseta/Documents/UTN-curso-lse/workspace_lpc845/freertos/Debug/libfreertos.a(tasks.o)
 .rodata.__num_Ciob_streams
                0x000079a4        0x4 /Applications/MCUXpressoIDE_24.12.148/ide/plugins/com.nxp.mcuxpresso.tools.macosx_24.12.0.202407110909/tools/bin/../lib/gcc/arm-none-eabi/13.2.1/../../../../arm-none-eabi/lib/thumb/v6-m/nofp/libcr_semihost_nf.a(__ciob.o)
                0x000079a4                __num_Ciob_streams
 .rodata._Csys_alloc.str1.1
                0x000079a8       0x53 /Applications/MCUXpressoIDE_24.12.148/ide/plugins/com.nxp.mcuxpresso.tools.macosx_24.12.0.202407110909/tools/bin/../lib/gcc/arm-none-eabi/13.2.1/../../../../arm-none-eabi/lib/thumb/v6-m/nofp/libcr_c.a(alloc.o)
                                 0x18 (size before relaxing)
 .rodata._initio.str1.1
                0x000079fb        0x4 /Applications/MCUXpressoIDE_24.12.148/ide/plugins/com.nxp.mcuxpresso.tools.macosx_24.12.0.202407110909/tools/bin/../lib/gcc/arm-none-eabi/13.2.1/../../../../arm-none-eabi/lib/thumb/v6-m/nofp/libcr_c.a(initio.o)
 .rodata.__vfprintf.str1.1
                0x000079fb       0x38 /Applications/MCUXpressoIDE_24.12.148/ide/plugins/com.nxp.mcuxpresso.tools.macosx_24.12.0.202407110909/tools/bin/../lib/gcc/arm-none-eabi/13.2.1/../../../../arm-none-eabi/lib/thumb/v6-m/nofp/libcr_c.a(printf.o)
                0x00007acc                        . = ALIGN (0x4)
 *fill*         0x000079fb        0x1 ff

.glue_7         0x000079fc        0x0
 .glue_7        0x000079fc        0x0 linker stubs

.glue_7t        0x000079fc        0x0
 .glue_7t       0x000079fc        0x0 linker stubs

.vfp11_veneer   0x000079fc        0x0
 .vfp11_veneer  0x000079fc        0x0 linker stubs

.v4_bx          0x000079fc        0x0
 .v4_bx         0x000079fc        0x0 linker stubs

.iplt           0x000079fc        0x0
 .iplt          0x000079fc        0x0 ./utilities/fsl_assert.o

.rel.dyn        0x000079fc        0x0
 .rel.iplt      0x000079fc        0x0 ./utilities/fsl_assert.o

.ARM.extab
 *(SORT_BY_ALIGNMENT(.ARM.extab*) SORT_BY_ALIGNMENT(.gnu.linkonce.armextab.*))

.ARM.exidx      0x000079fc        0x0
                0x000079fc                        __exidx_start = .
 *(SORT_BY_ALIGNMENT(.ARM.exidx*) SORT_BY_ALIGNMENT(.gnu.linkonce.armexidx.*))
                0x000079fc                        __exidx_end = .
                0x000079fc                        _etext = .

.mtb_buffer_RAM2
 *(SORT_BY_ALIGNMENT(.mtb.$RAM2*))
 *(SORT_BY_ALIGNMENT(.mtb.$IAP_SRAM*))

.data_RAM2      0x10003fe0        0x0 load address 0x000079fc
 FILL mask 0xff
                [!provide]                        PROVIDE (__start_data_RAM2 = .)
                [!provide]                        PROVIDE (__start_data_IAP_SRAM = .)
 *(SORT_BY_ALIGNMENT(.ramfunc.$RAM2))
 *(SORT_BY_ALIGNMENT(.ramfunc.$IAP_SRAM))
 *(SORT_BY_ALIGNMENT(.data.$RAM2))
 *(SORT_BY_ALIGNMENT(.data.$IAP_SRAM))
 *(SORT_BY_ALIGNMENT(.data.$RAM2.*))
 *(SORT_BY_ALIGNMENT(.data.$IAP_SRAM.*))
                0x10003fe0                        . = ALIGN (0x4)
                [!provide]                        PROVIDE (__end_data_RAM2 = .)
                [!provide]                        PROVIDE (__end_data_IAP_SRAM = .)

.mtb_buffer_default
                0x10000000       0x80
 *(SORT_BY_ALIGNMENT(.mtb*))
 .mtb.$RAM1     0x10000000       0x80 ./source/mtb.o
                0x10000000                __mtb_buffer__

.uninit_RESERVED
                0x10000080        0x0
                0x10000080                        _start_uninit_RESERVED = .
 *(SORT_BY_ALIGNMENT(.bss.$RESERVED*))
                0x10000080                        . = ALIGN (0x4)
                0x10000080                        _end_uninit_RESERVED = .

.data           0x10000080       0x10 load address 0x000079fc
 FILL mask 0xff
                0x10000080                        _data = .
                [!provide]                        PROVIDE (__start_data_RAM = .)
                [!provide]                        PROVIDE (__start_data_SRAM = .)
 *(SORT_BY_ALIGNMENT(vtable))
 *(SORT_BY_ALIGNMENT(.ramfunc*))
 *(SORT_BY_ALIGNMENT(CodeQuickAccess))
 *(SORT_BY_ALIGNMENT(DataQuickAccess))
 *(SORT_BY_ALIGNMENT(RamFunction))
 *(SORT_BY_ALIGNMENT(.data*))
 .data.setpoint
                0x10000080        0x4 ./source/INTEGRADOR_FINAL.o
                0x10000080                setpoint
 .data.SystemCoreClock
                0x10000084        0x4 ./device/system_LPC845.o
                0x10000084                SystemCoreClock
 .data.xFreeBytesRemaining
                0x10000088        0x4 /Users/vicenteseta/Documents/UTN-curso-lse/workspace_lpc845/freertos/Debug/libfreertos.a(heap_2.o)
 .data.uxCriticalNesting
                0x1000008c        0x4 /Users/vicenteseta/Documents/UTN-curso-lse/workspace_lpc845/freertos/Debug/libfreertos.a(port.o)
                0x10000090                        . = ALIGN (0x4)
                0x10000090                        _edata = .
                [!provide]                        PROVIDE (__end_data_RAM = .)
                [!provide]                        PROVIDE (__end_data_SRAM = .)

.igot.plt       0x10000090        0x0 load address 0x00007a0c
 .igot.plt      0x10000090        0x0 ./utilities/fsl_assert.o

.bss_RAM2       0x10003fe0        0x0
                [!provide]                        PROVIDE (__start_bss_RAM2 = .)
                [!provide]                        PROVIDE (__start_bss_IAP_SRAM = .)
 *(SORT_BY_ALIGNMENT(.bss.$RAM2))
 *(SORT_BY_ALIGNMENT(.bss.$IAP_SRAM))
 *(SORT_BY_ALIGNMENT(.bss.$RAM2.*))
 *(SORT_BY_ALIGNMENT(.bss.$IAP_SRAM.*))
                0x10003fe0                        . = ALIGN ((. != 0x0)?0x4:0x1)
                [!provide]                        PROVIDE (__end_bss_RAM2 = .)
                [!provide]                        PROVIDE (__end_bss_IAP_SRAM = .)

.bss            0x10000090     0x1314
                0x10000090                        _bss = .
                [!provide]                        PROVIDE (__start_bss_RAM = .)
                [!provide]                        PROVIDE (__start_bss_SRAM = .)
 *(SORT_BY_ALIGNMENT(.bss*))
 .bss.xMutex    0x10000090        0x4 ./source/INTEGRADOR_FINAL.o
                0x10000090                xMutex
 .bss.xMutexPWM
                0x10000094        0x4 ./source/INTEGRADOR_FINAL.o
                0x10000094                xMutexPWM
 .bss.xQueueLux
                0x10000098        0x4 ./source/INTEGRADOR_FINAL.o
                0x10000098                xQueueLux
 .bss.potDuty   0x1000009c        0x4 ./source/INTEGRADOR_FINAL.o
                0x1000009c                potDuty
 .bss.pwmEvent  0x100000a0        0x4 ./source/INTEGRADOR_FINAL.o
                0x100000a0                pwmEvent
 .bss.sctimer_clock
                0x100000a4        0x4 ./source/INTEGRADOR_FINAL.o
                0x100000a4                sctimer_clock
 .bss.g_Ext_Clk_Freq
                0x100000a8        0x4 ./drivers/fsl_clock.o
                0x100000a8                g_Ext_Clk_Freq
 .bss.g_Wdt_Osc_Freq
                0x100000ac        0x4 ./drivers/fsl_clock.o
                0x100000ac                g_Wdt_Osc_Freq
 .bss.s_ctimerCallback
                0x100000b0        0x4 ./drivers/fsl_ctimer.o
 .bss.ctimerCallbackType
                0x100000b4        0x1 ./drivers/fsl_ctimer.o
 *fill*         0x100000b5        0x3 
 .bss.s_DMAHandle
                0x100000b8       0x64 ./drivers/fsl_dma.o
 .bss.s_i2cHandle
                0x1000011c       0x10 ./drivers/fsl_i2c.o
 .bss.s_i2cMasterIsr
                0x1000012c        0x4 ./drivers/fsl_i2c.o
 .bss.s_i2cSlaveIsr
                0x10000130        0x4 ./drivers/fsl_i2c.o
 .bss.s_eventCallback
                0x10000134       0x20 ./drivers/fsl_sctimer.o
 .bss.s_currentEvent
                0x10000154        0x4 ./drivers/fsl_sctimer.o
 .bss.s_currentState
                0x10000158        0x4 ./drivers/fsl_sctimer.o
 .bss.s_currentMatch
                0x1000015c        0x4 ./drivers/fsl_sctimer.o
 .bss.s_currentMatchhigh
                0x10000160        0x4 ./drivers/fsl_sctimer.o
 .bss.s_sctimerIsr
                0x10000164        0x4 ./drivers/fsl_sctimer.o
 .bss.s_usartHandle
                0x10000168       0x14 ./drivers/fsl_usart.o
 .bss.s_usartIsr
                0x1000017c        0x4 ./drivers/fsl_usart.o
 .bss.pxCurrentTCB
                0x10000180        0x4 /Users/vicenteseta/Documents/UTN-curso-lse/workspace_lpc845/freertos/Debug/libfreertos.a(tasks.o)
                0x10000180                pxCurrentTCB
 .bss.pxReadyTasksLists
                0x10000184       0xa0 /Users/vicenteseta/Documents/UTN-curso-lse/workspace_lpc845/freertos/Debug/libfreertos.a(tasks.o)
 .bss.xDelayedTaskList1
                0x10000224       0x14 /Users/vicenteseta/Documents/UTN-curso-lse/workspace_lpc845/freertos/Debug/libfreertos.a(tasks.o)
 .bss.xDelayedTaskList2
                0x10000238       0x14 /Users/vicenteseta/Documents/UTN-curso-lse/workspace_lpc845/freertos/Debug/libfreertos.a(tasks.o)
 .bss.pxDelayedTaskList
                0x1000024c        0x4 /Users/vicenteseta/Documents/UTN-curso-lse/workspace_lpc845/freertos/Debug/libfreertos.a(tasks.o)
 .bss.pxOverflowDelayedTaskList
                0x10000250        0x4 /Users/vicenteseta/Documents/UTN-curso-lse/workspace_lpc845/freertos/Debug/libfreertos.a(tasks.o)
 .bss.xPendingReadyList
                0x10000254       0x14 /Users/vicenteseta/Documents/UTN-curso-lse/workspace_lpc845/freertos/Debug/libfreertos.a(tasks.o)
 .bss.xTasksWaitingTermination
                0x10000268       0x14 /Users/vicenteseta/Documents/UTN-curso-lse/workspace_lpc845/freertos/Debug/libfreertos.a(tasks.o)
 .bss.uxDeletedTasksWaitingCleanUp
                0x1000027c        0x4 /Users/vicenteseta/Documents/UTN-curso-lse/workspace_lpc845/freertos/Debug/libfreertos.a(tasks.o)
 .bss.xSuspendedTaskList
                0x10000280       0x14 /Users/vicenteseta/Documents/UTN-curso-lse/workspace_lpc845/freertos/Debug/libfreertos.a(tasks.o)
 .bss.uxCurrentNumberOfTasks
                0x10000294        0x4 /Users/vicenteseta/Documents/UTN-curso-lse/workspace_lpc845/freertos/Debug/libfreertos.a(tasks.o)
 .bss.xTickCount
                0x10000298        0x4 /Users/vicenteseta/Documents/UTN-curso-lse/workspace_lpc845/freertos/Debug/libfreertos.a(tasks.o)
 .bss.uxTopReadyPriority
                0x1000029c        0x4 /Users/vicenteseta/Documents/UTN-curso-lse/workspace_lpc845/freertos/Debug/libfreertos.a(tasks.o)
 .bss.xSchedulerRunning
                0x100002a0        0x4 /Users/vicenteseta/Documents/UTN-curso-lse/workspace_lpc845/freertos/Debug/libfreertos.a(tasks.o)
 .bss.xPendedTicks
                0x100002a4        0x4 /Users/vicenteseta/Documents/UTN-curso-lse/workspace_lpc845/freertos/Debug/libfreertos.a(tasks.o)
 .bss.xYieldPending
                0x100002a8        0x4 /Users/vicenteseta/Documents/UTN-curso-lse/workspace_lpc845/freertos/Debug/libfreertos.a(tasks.o)
 .bss.xNumOfOverflows
                0x100002ac        0x4 /Users/vicenteseta/Documents/UTN-curso-lse/workspace_lpc845/freertos/Debug/libfreertos.a(tasks.o)
 .bss.uxTaskNumber
                0x100002b0        0x4 /Users/vicenteseta/Documents/UTN-curso-lse/workspace_lpc845/freertos/Debug/libfreertos.a(tasks.o)
 .bss.xNextTaskUnblockTime
                0x100002b4        0x4 /Users/vicenteseta/Documents/UTN-curso-lse/workspace_lpc845/freertos/Debug/libfreertos.a(tasks.o)
 .bss.xIdleTaskHandle
                0x100002b8        0x4 /Users/vicenteseta/Documents/UTN-curso-lse/workspace_lpc845/freertos/Debug/libfreertos.a(tasks.o)
 .bss.uxSchedulerSuspended
                0x100002bc        0x4 /Users/vicenteseta/Documents/UTN-curso-lse/workspace_lpc845/freertos/Debug/libfreertos.a(tasks.o)
 .bss.ucHeap    0x100002c0     0x1000 /Users/vicenteseta/Documents/UTN-curso-lse/workspace_lpc845/freertos/Debug/libfreertos.a(heap_2.o)
 .bss.xStart    0x100012c0        0x8 /Users/vicenteseta/Documents/UTN-curso-lse/workspace_lpc845/freertos/Debug/libfreertos.a(heap_2.o)
 .bss.xEnd      0x100012c8        0x8 /Users/vicenteseta/Documents/UTN-curso-lse/workspace_lpc845/freertos/Debug/libfreertos.a(heap_2.o)
 .bss.xHeapHasBeenInitialised.0
                0x100012d0        0x4 /Users/vicenteseta/Documents/UTN-curso-lse/workspace_lpc845/freertos/Debug/libfreertos.a(heap_2.o)
 .bss.ulTimerCountsForOneTick
                0x100012d4        0x4 /Users/vicenteseta/Documents/UTN-curso-lse/workspace_lpc845/freertos/Debug/libfreertos.a(port.o)
 .bss.xMaximumPossibleSuppressedTicks
                0x100012d8        0x4 /Users/vicenteseta/Documents/UTN-curso-lse/workspace_lpc845/freertos/Debug/libfreertos.a(port.o)
 .bss.ulStoppedTimerCompensation
                0x100012dc        0x4 /Users/vicenteseta/Documents/UTN-curso-lse/workspace_lpc845/freertos/Debug/libfreertos.a(port.o)
 .bss.errno     0x100012e0        0x4 /Applications/MCUXpressoIDE_24.12.148/ide/plugins/com.nxp.mcuxpresso.tools.macosx_24.12.0.202407110909/tools/bin/../lib/gcc/arm-none-eabi/13.2.1/../../../../arm-none-eabi/lib/thumb/v6-m/nofp/libcr_c.a(errno.o)
                0x100012e0                errno
 .bss.__end_of_heap
                0x100012e4        0x4 /Applications/MCUXpressoIDE_24.12.148/ide/plugins/com.nxp.mcuxpresso.tools.macosx_24.12.0.202407110909/tools/bin/../lib/gcc/arm-none-eabi/13.2.1/../../../../arm-none-eabi/lib/thumb/v6-m/nofp/libcr_c.a(__init_alloc.o)
                0x100012e4                __end_of_heap
 .bss.__heaps   0x100012e8        0x4 /Applications/MCUXpressoIDE_24.12.148/ide/plugins/com.nxp.mcuxpresso.tools.macosx_24.12.0.202407110909/tools/bin/../lib/gcc/arm-none-eabi/13.2.1/../../../../arm-none-eabi/lib/thumb/v6-m/nofp/libcr_c.a(__init_alloc.o)
                0x100012e8                __heaps
 .bss.__Ciob    0x100012ec       0xb4 /Applications/MCUXpressoIDE_24.12.148/ide/plugins/com.nxp.mcuxpresso.tools.macosx_24.12.0.202407110909/tools/bin/../lib/gcc/arm-none-eabi/13.2.1/../../../../arm-none-eabi/lib/thumb/v6-m/nofp/libcr_semihost_nf.a(__ciob.o)
                0x100012ec                __Ciob
 .bss.mostrarSetpoint
                0x100013a0        0x1 ./source/INTEGRADOR_FINAL.o
                0x100013a0                mostrarSetpoint
 *(SORT_BY_ALIGNMENT(COMMON))
                0x100013a4                        . = ALIGN (0x4)
 *fill*         0x100013a1        0x3 
                0x100013a4                        _ebss = .
                [!provide]                        PROVIDE (__end_bss_RAM = .)
                [!provide]                        PROVIDE (__end_bss_SRAM = .)
                [!provide]                        PROVIDE (end = .)

.noinit_RAM2    0x10003fe0        0x0
                [!provide]                        PROVIDE (__start_noinit_RAM2 = .)
                [!provide]                        PROVIDE (__start_noinit_IAP_SRAM = .)
 *(SORT_BY_ALIGNMENT(.noinit.$RAM2))
 *(SORT_BY_ALIGNMENT(.noinit.$IAP_SRAM))
 *(SORT_BY_ALIGNMENT(.noinit.$RAM2.*))
 *(SORT_BY_ALIGNMENT(.noinit.$IAP_SRAM.*))
                0x10003fe0                        . = ALIGN (0x4)
                [!provide]                        PROVIDE (__end_noinit_RAM2 = .)
                [!provide]                        PROVIDE (__end_noinit_IAP_SRAM = .)

.noinit         0x100013a4        0x0
                0x100013a4                        _noinit = .
                [!provide]                        PROVIDE (__start_noinit_RAM = .)
                [!provide]                        PROVIDE (__start_noinit_SRAM = .)
 *(SORT_BY_ALIGNMENT(.noinit*))
                0x100013a4                        . = ALIGN (0x4)
                0x100013a4                        _end_noinit = .
                [!provide]                        PROVIDE (__end_noinit_RAM = .)
                [!provide]                        PROVIDE (__end_noinit_SRAM = .)
                0x000003f8                        _HeapSize = 0x3f8

.heap           0x100013a4      0x3f8
                0x100013a4                        _pvHeapStart = .
                0x1000179c                        . = (. + _HeapSize)
 *fill*         0x100013a4      0x3f8 
                0x1000179c                        . = ALIGN (0x4)
                0x1000179c                        _pvHeapLimit = .
                0x000003f8                        _StackSize = 0x3f8

.heap2stackfill
                0x1000179c      0x3f8
                0x10001b94                        . = (. + _StackSize)
 *fill*         0x1000179c      0x3f8 

.stack          0x10003be8        0x0
                0x10003be8                        _vStackBase = .
                0x10003be8                        . = ALIGN (0x4)
                0x10003fe0                        _vStackTop = (. + _StackSize)
                0xefffaebf                        PROVIDE (__valid_user_code_checksum = (0x0 - (((_vStackTop + (ResetISR + 0x1)) + (DEFINED (NMI_Handler)?NMI_Handler:M0_NMI_Handler + 0x1)) + (DEFINED (HardFault_Handler)?HardFault_Handler:M0_HardFault_Handler + 0x1))))
                0x00000000                        _image_start = LOADADDR (.text)
                0x00007a0c                        _image_end = (LOADADDR (.data) + SIZEOF (.data))
                0x00007a0c                        _image_size = (_image_end - _image_start)
OUTPUT(INTEGRADOR_FINAL.axf elf32-littlearm)
LOAD linker stubs

.debug_info     0x00000000    0x19d00
 .debug_info    0x00000000      0x12e ./utilities/fsl_assert.o
 .debug_info    0x0000012e      0x65b ./startup/startup_lpc845.o
 .debug_info    0x00000789     0x2d16 ./source/INTEGRADOR_FINAL.o
 .debug_info    0x0000349f       0x53 ./source/mtb.o
 .debug_info    0x000034f2       0x3c ./source/semihost_hardfault.o
 .debug_info    0x0000352e     0x1197 ./drivers/fsl_adc.o
 .debug_info    0x000046c5     0x12cd ./drivers/fsl_clock.o
 .debug_info    0x00005992      0x10d ./drivers/fsl_common_arm.o
 .debug_info    0x00005a9f     0x1750 ./drivers/fsl_ctimer.o
 .debug_info    0x000071ef     0x1f91 ./drivers/fsl_dma.o
 .debug_info    0x00009180      0xdb9 ./drivers/fsl_gpio.o
 .debug_info    0x00009f39     0x2610 ./drivers/fsl_i2c.o
 .debug_info    0x0000c549      0x6fc ./drivers/fsl_reset.o
 .debug_info    0x0000cc45     0x1c3f ./drivers/fsl_sctimer.o
 .debug_info    0x0000e884      0x723 ./drivers/fsl_swm.o
 .debug_info    0x0000efa7     0x1be7 ./drivers/fsl_usart.o
 .debug_info    0x00010b8e      0x670 ./device/system_LPC845.o
 .debug_info    0x000111fe      0x8cf ./board/board.o
 .debug_info    0x00011acd      0xa65 ./board/clock_config.o
 .debug_info    0x00012532     0x12d8 /Users/vicenteseta/Documents/UTN-curso-lse/workspace_lpc845/freertos/Debug/libfreertos.a(queue.o)
 .debug_info    0x0001380a     0x1eb9 /Users/vicenteseta/Documents/UTN-curso-lse/workspace_lpc845/freertos/Debug/libfreertos.a(tasks.o)
 .debug_info    0x000156c3      0x371 /Users/vicenteseta/Documents/UTN-curso-lse/workspace_lpc845/freertos/Debug/libfreertos.a(heap_2.o)
 .debug_info    0x00015a34      0x2be /Users/vicenteseta/Documents/UTN-curso-lse/workspace_lpc845/freertos/Debug/libfreertos.a(list.o)
 .debug_info    0x00015cf2      0x3a9 /Users/vicenteseta/Documents/UTN-curso-lse/workspace_lpc845/freertos/Debug/libfreertos.a(port.o)
 .debug_info    0x0001609b       0x85 /Applications/MCUXpressoIDE_24.12.148/ide/plugins/com.nxp.mcuxpresso.tools.macosx_24.12.0.202407110909/tools/bin/../lib/gcc/arm-none-eabi/13.2.1/../../../../arm-none-eabi/lib/thumb/v6-m/nofp/libcr_semihost_nf.a(_cr__main.o)
 .debug_info    0x00016120      0x12b /Applications/MCUXpressoIDE_24.12.148/ide/plugins/com.nxp.mcuxpresso.tools.macosx_24.12.0.202407110909/tools/bin/../lib/gcc/arm-none-eabi/13.2.1/../../../../arm-none-eabi/lib/thumb/v6-m/nofp/libcr_c.a(memcpy.o)
 .debug_info    0x0001624b       0xfc /Applications/MCUXpressoIDE_24.12.148/ide/plugins/com.nxp.mcuxpresso.tools.macosx_24.12.0.202407110909/tools/bin/../lib/gcc/arm-none-eabi/13.2.1/../../../../arm-none-eabi/lib/thumb/v6-m/nofp/libcr_c.a(memset.o)
 .debug_info    0x00016347      0x526 /Applications/MCUXpressoIDE_24.12.148/ide/plugins/com.nxp.mcuxpresso.tools.macosx_24.12.0.202407110909/tools/bin/../lib/gcc/arm-none-eabi/13.2.1/../../../../arm-none-eabi/lib/thumb/v6-m/nofp/libcr_c.a(alloc.o)
 .debug_info    0x0001686d       0x44 /Applications/MCUXpressoIDE_24.12.148/ide/plugins/com.nxp.mcuxpresso.tools.macosx_24.12.0.202407110909/tools/bin/../lib/gcc/arm-none-eabi/13.2.1/../../../../arm-none-eabi/lib/thumb/v6-m/nofp/libcr_c.a(errno.o)
 .debug_info    0x000168b1      0x353 /Applications/MCUXpressoIDE_24.12.148/ide/plugins/com.nxp.mcuxpresso.tools.macosx_24.12.0.202407110909/tools/bin/../lib/gcc/arm-none-eabi/13.2.1/../../../../arm-none-eabi/lib/thumb/v6-m/nofp/libcr_c.a(initio.o)
 .debug_info    0x00016c04     0x12cc /Applications/MCUXpressoIDE_24.12.148/ide/plugins/com.nxp.mcuxpresso.tools.macosx_24.12.0.202407110909/tools/bin/../lib/gcc/arm-none-eabi/13.2.1/../../../../arm-none-eabi/lib/thumb/v6-m/nofp/libcr_c.a(printf.o)
 .debug_info    0x00017ed0      0x1fd /Applications/MCUXpressoIDE_24.12.148/ide/plugins/com.nxp.mcuxpresso.tools.macosx_24.12.0.202407110909/tools/bin/../lib/gcc/arm-none-eabi/13.2.1/../../../../arm-none-eabi/lib/thumb/v6-m/nofp/libcr_c.a(setvbuf.o)
 .debug_info    0x000180cd       0xdd /Applications/MCUXpressoIDE_24.12.148/ide/plugins/com.nxp.mcuxpresso.tools.macosx_24.12.0.202407110909/tools/bin/../lib/gcc/arm-none-eabi/13.2.1/../../../../arm-none-eabi/lib/thumb/v6-m/nofp/libcr_c.a(strlen.o)
 .debug_info    0x000181aa       0xd4 /Applications/MCUXpressoIDE_24.12.148/ide/plugins/com.nxp.mcuxpresso.tools.macosx_24.12.0.202407110909/tools/bin/../lib/gcc/arm-none-eabi/13.2.1/../../../../arm-none-eabi/lib/thumb/v6-m/nofp/libcr_c.a(__init_alloc.o)
 .debug_info    0x0001827e      0x107 /Applications/MCUXpressoIDE_24.12.148/ide/plugins/com.nxp.mcuxpresso.tools.macosx_24.12.0.202407110909/tools/bin/../lib/gcc/arm-none-eabi/13.2.1/../../../../arm-none-eabi/lib/thumb/v6-m/nofp/libcr_c.a(_cr_sbrk.o)
 .debug_info    0x00018385      0x364 /Applications/MCUXpressoIDE_24.12.148/ide/plugins/com.nxp.mcuxpresso.tools.macosx_24.12.0.202407110909/tools/bin/../lib/gcc/arm-none-eabi/13.2.1/../../../../arm-none-eabi/lib/thumb/v6-m/nofp/libcr_c.a(_deferredlazyseek.o)
 .debug_info    0x000186e9      0x24b /Applications/MCUXpressoIDE_24.12.148/ide/plugins/com.nxp.mcuxpresso.tools.macosx_24.12.0.202407110909/tools/bin/../lib/gcc/arm-none-eabi/13.2.1/../../../../arm-none-eabi/lib/thumb/v6-m/nofp/libcr_c.a(_fdopen.o)
 .debug_info    0x00018934      0x1ea /Applications/MCUXpressoIDE_24.12.148/ide/plugins/com.nxp.mcuxpresso.tools.macosx_24.12.0.202407110909/tools/bin/../lib/gcc/arm-none-eabi/13.2.1/../../../../arm-none-eabi/lib/thumb/v6-m/nofp/libcr_c.a(_fflush.o)
 .debug_info    0x00018b1e      0x28a /Applications/MCUXpressoIDE_24.12.148/ide/plugins/com.nxp.mcuxpresso.tools.macosx_24.12.0.202407110909/tools/bin/../lib/gcc/arm-none-eabi/13.2.1/../../../../arm-none-eabi/lib/thumb/v6-m/nofp/libcr_c.a(_writebuf.o)
 .debug_info    0x00018da8      0x325 /Applications/MCUXpressoIDE_24.12.148/ide/plugins/com.nxp.mcuxpresso.tools.macosx_24.12.0.202407110909/tools/bin/../lib/gcc/arm-none-eabi/13.2.1/../../../../arm-none-eabi/lib/thumb/v6-m/nofp/libcr_c.a(fclose.o)
 .debug_info    0x000190cd      0x210 /Applications/MCUXpressoIDE_24.12.148/ide/plugins/com.nxp.mcuxpresso.tools.macosx_24.12.0.202407110909/tools/bin/../lib/gcc/arm-none-eabi/13.2.1/../../../../arm-none-eabi/lib/thumb/v6-m/nofp/libcr_c.a(fflush.o)
 .debug_info    0x000192dd      0x27f /Applications/MCUXpressoIDE_24.12.148/ide/plugins/com.nxp.mcuxpresso.tools.macosx_24.12.0.202407110909/tools/bin/../lib/gcc/arm-none-eabi/13.2.1/../../../../arm-none-eabi/lib/thumb/v6-m/nofp/libcr_c.a(fseek.o)
 .debug_info    0x0001955c      0x197 /Applications/MCUXpressoIDE_24.12.148/ide/plugins/com.nxp.mcuxpresso.tools.macosx_24.12.0.202407110909/tools/bin/../lib/gcc/arm-none-eabi/13.2.1/../../../../arm-none-eabi/lib/thumb/v6-m/nofp/libcr_c.a(ftell.o)
 .debug_info    0x000196f3      0x1d0 /Applications/MCUXpressoIDE_24.12.148/ide/plugins/com.nxp.mcuxpresso.tools.macosx_24.12.0.202407110909/tools/bin/../lib/gcc/arm-none-eabi/13.2.1/../../../../arm-none-eabi/lib/thumb/v6-m/nofp/libcr_c.a(remove.o)
 .debug_info    0x000198c3       0x71 /Applications/MCUXpressoIDE_24.12.148/ide/plugins/com.nxp.mcuxpresso.tools.macosx_24.12.0.202407110909/tools/bin/../lib/gcc/arm-none-eabi/13.2.1/../../../../arm-none-eabi/lib/thumb/v6-m/nofp/libcr_c.a(_cr_check_heap.o)
 .debug_info    0x00019934      0x241 /Applications/MCUXpressoIDE_24.12.148/ide/plugins/com.nxp.mcuxpresso.tools.macosx_24.12.0.202407110909/tools/bin/../lib/gcc/arm-none-eabi/13.2.1/../../../../arm-none-eabi/lib/thumb/v6-m/nofp/libcr_c.a(_do_fflush.o)
 .debug_info    0x00019b75      0x18b /Applications/MCUXpressoIDE_24.12.148/ide/plugins/com.nxp.mcuxpresso.tools.macosx_24.12.0.202407110909/tools/bin/../lib/gcc/arm-none-eabi/13.2.1/../../../../arm-none-eabi/lib/thumb/v6-m/nofp/libcr_semihost_nf.a(__ciob.o)

.debug_abbrev   0x00000000     0x4c57
 .debug_abbrev  0x00000000       0xbd ./utilities/fsl_assert.o
 .debug_abbrev  0x000000bd      0x1a5 ./startup/startup_lpc845.o
 .debug_abbrev  0x00000262      0x415 ./source/INTEGRADOR_FINAL.o
 .debug_abbrev  0x00000677       0x46 ./source/mtb.o
 .debug_abbrev  0x000006bd       0x31 ./source/semihost_hardfault.o
 .debug_abbrev  0x000006ee      0x2ab ./drivers/fsl_adc.o
 .debug_abbrev  0x00000999      0x323 ./drivers/fsl_clock.o
 .debug_abbrev  0x00000cbc       0xba ./drivers/fsl_common_arm.o
 .debug_abbrev  0x00000d76      0x395 ./drivers/fsl_ctimer.o
 .debug_abbrev  0x0000110b      0x390 ./drivers/fsl_dma.o
 .debug_abbrev  0x0000149b      0x1d7 ./drivers/fsl_gpio.o
 .debug_abbrev  0x00001672      0x3cd ./drivers/fsl_i2c.o
 .debug_abbrev  0x00001a3f      0x15d ./drivers/fsl_reset.o
 .debug_abbrev  0x00001b9c      0x3a4 ./drivers/fsl_sctimer.o
 .debug_abbrev  0x00001f40      0x17e ./drivers/fsl_swm.o
 .debug_abbrev  0x000020be      0x37a ./drivers/fsl_usart.o
 .debug_abbrev  0x00002438      0x174 ./device/system_LPC845.o
 .debug_abbrev  0x000025ac      0x116 ./board/board.o
 .debug_abbrev  0x000026c2      0x25c ./board/clock_config.o
 .debug_abbrev  0x0000291e      0x2bd /Users/vicenteseta/Documents/UTN-curso-lse/workspace_lpc845/freertos/Debug/libfreertos.a(queue.o)
 .debug_abbrev  0x00002bdb      0x2fe /Users/vicenteseta/Documents/UTN-curso-lse/workspace_lpc845/freertos/Debug/libfreertos.a(tasks.o)
 .debug_abbrev  0x00002ed9      0x1e2 /Users/vicenteseta/Documents/UTN-curso-lse/workspace_lpc845/freertos/Debug/libfreertos.a(heap_2.o)
 .debug_abbrev  0x000030bb       0xf2 /Users/vicenteseta/Documents/UTN-curso-lse/workspace_lpc845/freertos/Debug/libfreertos.a(list.o)
 .debug_abbrev  0x000031ad      0x228 /Users/vicenteseta/Documents/UTN-curso-lse/workspace_lpc845/freertos/Debug/libfreertos.a(port.o)
 .debug_abbrev  0x000033d5       0x62 /Applications/MCUXpressoIDE_24.12.148/ide/plugins/com.nxp.mcuxpresso.tools.macosx_24.12.0.202407110909/tools/bin/../lib/gcc/arm-none-eabi/13.2.1/../../../../arm-none-eabi/lib/thumb/v6-m/nofp/libcr_semihost_nf.a(_cr__main.o)
 .debug_abbrev  0x00003437       0xb3 /Applications/MCUXpressoIDE_24.12.148/ide/plugins/com.nxp.mcuxpresso.tools.macosx_24.12.0.202407110909/tools/bin/../lib/gcc/arm-none-eabi/13.2.1/../../../../arm-none-eabi/lib/thumb/v6-m/nofp/libcr_c.a(memcpy.o)
 .debug_abbrev  0x000034ea       0xa5 /Applications/MCUXpressoIDE_24.12.148/ide/plugins/com.nxp.mcuxpresso.tools.macosx_24.12.0.202407110909/tools/bin/../lib/gcc/arm-none-eabi/13.2.1/../../../../arm-none-eabi/lib/thumb/v6-m/nofp/libcr_c.a(memset.o)
 .debug_abbrev  0x0000358f      0x27b /Applications/MCUXpressoIDE_24.12.148/ide/plugins/com.nxp.mcuxpresso.tools.macosx_24.12.0.202407110909/tools/bin/../lib/gcc/arm-none-eabi/13.2.1/../../../../arm-none-eabi/lib/thumb/v6-m/nofp/libcr_c.a(alloc.o)
 .debug_abbrev  0x0000380a       0x44 /Applications/MCUXpressoIDE_24.12.148/ide/plugins/com.nxp.mcuxpresso.tools.macosx_24.12.0.202407110909/tools/bin/../lib/gcc/arm-none-eabi/13.2.1/../../../../arm-none-eabi/lib/thumb/v6-m/nofp/libcr_c.a(errno.o)
 .debug_abbrev  0x0000384e      0x14b /Applications/MCUXpressoIDE_24.12.148/ide/plugins/com.nxp.mcuxpresso.tools.macosx_24.12.0.202407110909/tools/bin/../lib/gcc/arm-none-eabi/13.2.1/../../../../arm-none-eabi/lib/thumb/v6-m/nofp/libcr_c.a(initio.o)
 .debug_abbrev  0x00003999      0x3af /Applications/MCUXpressoIDE_24.12.148/ide/plugins/com.nxp.mcuxpresso.tools.macosx_24.12.0.202407110909/tools/bin/../lib/gcc/arm-none-eabi/13.2.1/../../../../arm-none-eabi/lib/thumb/v6-m/nofp/libcr_c.a(printf.o)
 .debug_abbrev  0x00003d48       0xe1 /Applications/MCUXpressoIDE_24.12.148/ide/plugins/com.nxp.mcuxpresso.tools.macosx_24.12.0.202407110909/tools/bin/../lib/gcc/arm-none-eabi/13.2.1/../../../../arm-none-eabi/lib/thumb/v6-m/nofp/libcr_c.a(setvbuf.o)
 .debug_abbrev  0x00003e29       0xa5 /Applications/MCUXpressoIDE_24.12.148/ide/plugins/com.nxp.mcuxpresso.tools.macosx_24.12.0.202407110909/tools/bin/../lib/gcc/arm-none-eabi/13.2.1/../../../../arm-none-eabi/lib/thumb/v6-m/nofp/libcr_c.a(strlen.o)
 .debug_abbrev  0x00003ece       0xaf /Applications/MCUXpressoIDE_24.12.148/ide/plugins/com.nxp.mcuxpresso.tools.macosx_24.12.0.202407110909/tools/bin/../lib/gcc/arm-none-eabi/13.2.1/../../../../arm-none-eabi/lib/thumb/v6-m/nofp/libcr_c.a(__init_alloc.o)
 .debug_abbrev  0x00003f7d       0xd3 /Applications/MCUXpressoIDE_24.12.148/ide/plugins/com.nxp.mcuxpresso.tools.macosx_24.12.0.202407110909/tools/bin/../lib/gcc/arm-none-eabi/13.2.1/../../../../arm-none-eabi/lib/thumb/v6-m/nofp/libcr_c.a(_cr_sbrk.o)
 .debug_abbrev  0x00004050      0x147 /Applications/MCUXpressoIDE_24.12.148/ide/plugins/com.nxp.mcuxpresso.tools.macosx_24.12.0.202407110909/tools/bin/../lib/gcc/arm-none-eabi/13.2.1/../../../../arm-none-eabi/lib/thumb/v6-m/nofp/libcr_c.a(_deferredlazyseek.o)
 .debug_abbrev  0x00004197      0x119 /Applications/MCUXpressoIDE_24.12.148/ide/plugins/com.nxp.mcuxpresso.tools.macosx_24.12.0.202407110909/tools/bin/../lib/gcc/arm-none-eabi/13.2.1/../../../../arm-none-eabi/lib/thumb/v6-m/nofp/libcr_c.a(_fdopen.o)
 .debug_abbrev  0x000042b0       0xf1 /Applications/MCUXpressoIDE_24.12.148/ide/plugins/com.nxp.mcuxpresso.tools.macosx_24.12.0.202407110909/tools/bin/../lib/gcc/arm-none-eabi/13.2.1/../../../../arm-none-eabi/lib/thumb/v6-m/nofp/libcr_c.a(_fflush.o)
 .debug_abbrev  0x000043a1      0x126 /Applications/MCUXpressoIDE_24.12.148/ide/plugins/com.nxp.mcuxpresso.tools.macosx_24.12.0.202407110909/tools/bin/../lib/gcc/arm-none-eabi/13.2.1/../../../../arm-none-eabi/lib/thumb/v6-m/nofp/libcr_c.a(_writebuf.o)
 .debug_abbrev  0x000044c7      0x158 /Applications/MCUXpressoIDE_24.12.148/ide/plugins/com.nxp.mcuxpresso.tools.macosx_24.12.0.202407110909/tools/bin/../lib/gcc/arm-none-eabi/13.2.1/../../../../arm-none-eabi/lib/thumb/v6-m/nofp/libcr_c.a(fclose.o)
 .debug_abbrev  0x0000461f      0x122 /Applications/MCUXpressoIDE_24.12.148/ide/plugins/com.nxp.mcuxpresso.tools.macosx_24.12.0.202407110909/tools/bin/../lib/gcc/arm-none-eabi/13.2.1/../../../../arm-none-eabi/lib/thumb/v6-m/nofp/libcr_c.a(fflush.o)
 .debug_abbrev  0x00004741      0x11b /Applications/MCUXpressoIDE_24.12.148/ide/plugins/com.nxp.mcuxpresso.tools.macosx_24.12.0.202407110909/tools/bin/../lib/gcc/arm-none-eabi/13.2.1/../../../../arm-none-eabi/lib/thumb/v6-m/nofp/libcr_c.a(fseek.o)
 .debug_abbrev  0x0000485c       0xc2 /Applications/MCUXpressoIDE_24.12.148/ide/plugins/com.nxp.mcuxpresso.tools.macosx_24.12.0.202407110909/tools/bin/../lib/gcc/arm-none-eabi/13.2.1/../../../../arm-none-eabi/lib/thumb/v6-m/nofp/libcr_c.a(ftell.o)
 .debug_abbrev  0x0000491e       0xed /Applications/MCUXpressoIDE_24.12.148/ide/plugins/com.nxp.mcuxpresso.tools.macosx_24.12.0.202407110909/tools/bin/../lib/gcc/arm-none-eabi/13.2.1/../../../../arm-none-eabi/lib/thumb/v6-m/nofp/libcr_c.a(remove.o)
 .debug_abbrev  0x00004a0b       0x6b /Applications/MCUXpressoIDE_24.12.148/ide/plugins/com.nxp.mcuxpresso.tools.macosx_24.12.0.202407110909/tools/bin/../lib/gcc/arm-none-eabi/13.2.1/../../../../arm-none-eabi/lib/thumb/v6-m/nofp/libcr_c.a(_cr_check_heap.o)
 .debug_abbrev  0x00004a76      0x12c /Applications/MCUXpressoIDE_24.12.148/ide/plugins/com.nxp.mcuxpresso.tools.macosx_24.12.0.202407110909/tools/bin/../lib/gcc/arm-none-eabi/13.2.1/../../../../arm-none-eabi/lib/thumb/v6-m/nofp/libcr_c.a(_do_fflush.o)
 .debug_abbrev  0x00004ba2       0xb5 /Applications/MCUXpressoIDE_24.12.148/ide/plugins/com.nxp.mcuxpresso.tools.macosx_24.12.0.202407110909/tools/bin/../lib/gcc/arm-none-eabi/13.2.1/../../../../arm-none-eabi/lib/thumb/v6-m/nofp/libcr_semihost_nf.a(__ciob.o)

.debug_aranges  0x00000000     0x12a8
 .debug_aranges
                0x00000000       0x28 ./utilities/fsl_assert.o
 .debug_aranges
                0x00000028      0x160 ./startup/startup_lpc845.o
 .debug_aranges
                0x00000188       0xc0 ./source/INTEGRADOR_FINAL.o
 .debug_aranges
                0x00000248       0x18 ./source/mtb.o
 .debug_aranges
                0x00000260       0x20 ./source/semihost_hardfault.o
 .debug_aranges
                0x00000280       0x80 ./drivers/fsl_adc.o
 .debug_aranges
                0x00000300      0x108 ./drivers/fsl_clock.o
 .debug_aranges
                0x00000408       0x28 ./drivers/fsl_common_arm.o
 .debug_aranges
                0x00000430       0xc0 ./drivers/fsl_ctimer.o
 .debug_aranges
                0x000004f0      0x130 ./drivers/fsl_dma.o
 .debug_aranges
                0x00000620       0x38 ./drivers/fsl_gpio.o
 .debug_aranges
                0x00000658      0x1c0 ./drivers/fsl_i2c.o
 .debug_aranges
                0x00000818       0x30 ./drivers/fsl_reset.o
 .debug_aranges
                0x00000848       0xc8 ./drivers/fsl_sctimer.o
 .debug_aranges
                0x00000910       0x28 ./drivers/fsl_swm.o
 .debug_aranges
                0x00000938      0x128 ./drivers/fsl_usart.o
 .debug_aranges
                0x00000a60       0x30 ./device/system_LPC845.o
 .debug_aranges
                0x00000a90       0x20 ./board/board.o
 .debug_aranges
                0x00000ab0       0x60 ./board/clock_config.o
 .debug_aranges
                0x00000b10      0x128 /Users/vicenteseta/Documents/UTN-curso-lse/workspace_lpc845/freertos/Debug/libfreertos.a(queue.o)
 .debug_aranges
                0x00000c38      0x200 /Users/vicenteseta/Documents/UTN-curso-lse/workspace_lpc845/freertos/Debug/libfreertos.a(tasks.o)
 .debug_aranges
                0x00000e38       0x48 /Users/vicenteseta/Documents/UTN-curso-lse/workspace_lpc845/freertos/Debug/libfreertos.a(heap_2.o)
 .debug_aranges
                0x00000e80       0x40 /Users/vicenteseta/Documents/UTN-curso-lse/workspace_lpc845/freertos/Debug/libfreertos.a(list.o)
 .debug_aranges
                0x00000ec0       0x90 /Users/vicenteseta/Documents/UTN-curso-lse/workspace_lpc845/freertos/Debug/libfreertos.a(port.o)
 .debug_aranges
                0x00000f50       0x20 /Applications/MCUXpressoIDE_24.12.148/ide/plugins/com.nxp.mcuxpresso.tools.macosx_24.12.0.202407110909/tools/bin/../lib/gcc/arm-none-eabi/13.2.1/../../../../arm-none-eabi/lib/thumb/v6-m/nofp/libcr_semihost_nf.a(_cr__main.o)
 .debug_aranges
                0x00000f70       0x20 /Applications/MCUXpressoIDE_24.12.148/ide/plugins/com.nxp.mcuxpresso.tools.macosx_24.12.0.202407110909/tools/bin/../lib/gcc/arm-none-eabi/13.2.1/../../../../arm-none-eabi/lib/thumb/v6-m/nofp/libcr_c.a(memcpy.o)
 .debug_aranges
                0x00000f90       0x20 /Applications/MCUXpressoIDE_24.12.148/ide/plugins/com.nxp.mcuxpresso.tools.macosx_24.12.0.202407110909/tools/bin/../lib/gcc/arm-none-eabi/13.2.1/../../../../arm-none-eabi/lib/thumb/v6-m/nofp/libcr_c.a(memset.o)
 .debug_aranges
                0x00000fb0       0x40 /Applications/MCUXpressoIDE_24.12.148/ide/plugins/com.nxp.mcuxpresso.tools.macosx_24.12.0.202407110909/tools/bin/../lib/gcc/arm-none-eabi/13.2.1/../../../../arm-none-eabi/lib/thumb/v6-m/nofp/libcr_c.a(alloc.o)
 .debug_aranges
                0x00000ff0       0x18 /Applications/MCUXpressoIDE_24.12.148/ide/plugins/com.nxp.mcuxpresso.tools.macosx_24.12.0.202407110909/tools/bin/../lib/gcc/arm-none-eabi/13.2.1/../../../../arm-none-eabi/lib/thumb/v6-m/nofp/libcr_c.a(errno.o)
 .debug_aranges
                0x00001008       0x28 /Applications/MCUXpressoIDE_24.12.148/ide/plugins/com.nxp.mcuxpresso.tools.macosx_24.12.0.202407110909/tools/bin/../lib/gcc/arm-none-eabi/13.2.1/../../../../arm-none-eabi/lib/thumb/v6-m/nofp/libcr_c.a(initio.o)
 .debug_aranges
                0x00001030       0x70 /Applications/MCUXpressoIDE_24.12.148/ide/plugins/com.nxp.mcuxpresso.tools.macosx_24.12.0.202407110909/tools/bin/../lib/gcc/arm-none-eabi/13.2.1/../../../../arm-none-eabi/lib/thumb/v6-m/nofp/libcr_c.a(printf.o)
 .debug_aranges
                0x000010a0       0x20 /Applications/MCUXpressoIDE_24.12.148/ide/plugins/com.nxp.mcuxpresso.tools.macosx_24.12.0.202407110909/tools/bin/../lib/gcc/arm-none-eabi/13.2.1/../../../../arm-none-eabi/lib/thumb/v6-m/nofp/libcr_c.a(setvbuf.o)
 .debug_aranges
                0x000010c0       0x20 /Applications/MCUXpressoIDE_24.12.148/ide/plugins/com.nxp.mcuxpresso.tools.macosx_24.12.0.202407110909/tools/bin/../lib/gcc/arm-none-eabi/13.2.1/../../../../arm-none-eabi/lib/thumb/v6-m/nofp/libcr_c.a(strlen.o)
 .debug_aranges
                0x000010e0       0x20 /Applications/MCUXpressoIDE_24.12.148/ide/plugins/com.nxp.mcuxpresso.tools.macosx_24.12.0.202407110909/tools/bin/../lib/gcc/arm-none-eabi/13.2.1/../../../../arm-none-eabi/lib/thumb/v6-m/nofp/libcr_c.a(__init_alloc.o)
 .debug_aranges
                0x00001100       0x20 /Applications/MCUXpressoIDE_24.12.148/ide/plugins/com.nxp.mcuxpresso.tools.macosx_24.12.0.202407110909/tools/bin/../lib/gcc/arm-none-eabi/13.2.1/../../../../arm-none-eabi/lib/thumb/v6-m/nofp/libcr_c.a(_cr_sbrk.o)
 .debug_aranges
                0x00001120       0x28 /Applications/MCUXpressoIDE_24.12.148/ide/plugins/com.nxp.mcuxpresso.tools.macosx_24.12.0.202407110909/tools/bin/../lib/gcc/arm-none-eabi/13.2.1/../../../../arm-none-eabi/lib/thumb/v6-m/nofp/libcr_c.a(_deferredlazyseek.o)
 .debug_aranges
                0x00001148       0x20 /Applications/MCUXpressoIDE_24.12.148/ide/plugins/com.nxp.mcuxpresso.tools.macosx_24.12.0.202407110909/tools/bin/../lib/gcc/arm-none-eabi/13.2.1/../../../../arm-none-eabi/lib/thumb/v6-m/nofp/libcr_c.a(_fdopen.o)
 .debug_aranges
                0x00001168       0x20 /Applications/MCUXpressoIDE_24.12.148/ide/plugins/com.nxp.mcuxpresso.tools.macosx_24.12.0.202407110909/tools/bin/../lib/gcc/arm-none-eabi/13.2.1/../../../../arm-none-eabi/lib/thumb/v6-m/nofp/libcr_c.a(_fflush.o)
 .debug_aranges
                0x00001188       0x20 /Applications/MCUXpressoIDE_24.12.148/ide/plugins/com.nxp.mcuxpresso.tools.macosx_24.12.0.202407110909/tools/bin/../lib/gcc/arm-none-eabi/13.2.1/../../../../arm-none-eabi/lib/thumb/v6-m/nofp/libcr_c.a(_writebuf.o)
 .debug_aranges
                0x000011a8       0x20 /Applications/MCUXpressoIDE_24.12.148/ide/plugins/com.nxp.mcuxpresso.tools.macosx_24.12.0.202407110909/tools/bin/../lib/gcc/arm-none-eabi/13.2.1/../../../../arm-none-eabi/lib/thumb/v6-m/nofp/libcr_c.a(fclose.o)
 .debug_aranges
                0x000011c8       0x20 /Applications/MCUXpressoIDE_24.12.148/ide/plugins/com.nxp.mcuxpresso.tools.macosx_24.12.0.202407110909/tools/bin/../lib/gcc/arm-none-eabi/13.2.1/../../../../arm-none-eabi/lib/thumb/v6-m/nofp/libcr_c.a(fflush.o)
 .debug_aranges
                0x000011e8       0x20 /Applications/MCUXpressoIDE_24.12.148/ide/plugins/com.nxp.mcuxpresso.tools.macosx_24.12.0.202407110909/tools/bin/../lib/gcc/arm-none-eabi/13.2.1/../../../../arm-none-eabi/lib/thumb/v6-m/nofp/libcr_c.a(fseek.o)
 .debug_aranges
                0x00001208       0x20 /Applications/MCUXpressoIDE_24.12.148/ide/plugins/com.nxp.mcuxpresso.tools.macosx_24.12.0.202407110909/tools/bin/../lib/gcc/arm-none-eabi/13.2.1/../../../../arm-none-eabi/lib/thumb/v6-m/nofp/libcr_c.a(ftell.o)
 .debug_aranges
                0x00001228       0x28 /Applications/MCUXpressoIDE_24.12.148/ide/plugins/com.nxp.mcuxpresso.tools.macosx_24.12.0.202407110909/tools/bin/../lib/gcc/arm-none-eabi/13.2.1/../../../../arm-none-eabi/lib/thumb/v6-m/nofp/libcr_c.a(remove.o)
 .debug_aranges
                0x00001250       0x20 /Applications/MCUXpressoIDE_24.12.148/ide/plugins/com.nxp.mcuxpresso.tools.macosx_24.12.0.202407110909/tools/bin/../lib/gcc/arm-none-eabi/13.2.1/../../../../arm-none-eabi/lib/thumb/v6-m/nofp/libcr_c.a(_cr_check_heap.o)
 .debug_aranges
                0x00001270       0x20 /Applications/MCUXpressoIDE_24.12.148/ide/plugins/com.nxp.mcuxpresso.tools.macosx_24.12.0.202407110909/tools/bin/../lib/gcc/arm-none-eabi/13.2.1/../../../../arm-none-eabi/lib/thumb/v6-m/nofp/libcr_c.a(_do_fflush.o)
 .debug_aranges
                0x00001290       0x18 /Applications/MCUXpressoIDE_24.12.148/ide/plugins/com.nxp.mcuxpresso.tools.macosx_24.12.0.202407110909/tools/bin/../lib/gcc/arm-none-eabi/13.2.1/../../../../arm-none-eabi/lib/thumb/v6-m/nofp/libcr_semihost_nf.a(__ciob.o)

.debug_ranges   0x00000000     0x1298
 .debug_ranges  0x00000000       0x18 ./utilities/fsl_assert.o
 .debug_ranges  0x00000018      0x150 ./startup/startup_lpc845.o
 .debug_ranges  0x00000168       0xb0 ./source/INTEGRADOR_FINAL.o
 .debug_ranges  0x00000218       0x10 ./source/semihost_hardfault.o
 .debug_ranges  0x00000228       0x70 ./drivers/fsl_adc.o
 .debug_ranges  0x00000298       0xf8 ./drivers/fsl_clock.o
 .debug_ranges  0x00000390       0x18 ./drivers/fsl_common_arm.o
 .debug_ranges  0x000003a8       0xb0 ./drivers/fsl_ctimer.o
 .debug_ranges  0x00000458      0x120 ./drivers/fsl_dma.o
 .debug_ranges  0x00000578       0x28 ./drivers/fsl_gpio.o
 .debug_ranges  0x000005a0      0x1f8 ./drivers/fsl_i2c.o
 .debug_ranges  0x00000798       0x20 ./drivers/fsl_reset.o
 .debug_ranges  0x000007b8       0xb8 ./drivers/fsl_sctimer.o
 .debug_ranges  0x00000870       0x18 ./drivers/fsl_swm.o
 .debug_ranges  0x00000888      0x118 ./drivers/fsl_usart.o
 .debug_ranges  0x000009a0       0x20 ./device/system_LPC845.o
 .debug_ranges  0x000009c0       0x10 ./board/board.o